Archive member included to satisfy reference by file (symbol)

C:/ST/STM32CubeIDE_1.13.2/STM32CubeIDE/plugins/com.st.stm32cube.ide.mcu.externaltools.gnu-tools-for-stm32.11.3.rel1.win32_1.1.1.202309131626/tools/bin/../lib/gcc/arm-none-eabi/11.3.1/../../../../arm-none-eabi/lib/thumb/v7-m/nofp\libc_nano.a(libc_a-exit.o)
                              C:/ST/STM32CubeIDE_1.13.2/STM32CubeIDE/plugins/com.st.stm32cube.ide.mcu.externaltools.gnu-tools-for-stm32.11.3.rel1.win32_1.1.1.202309131626/tools/bin/../lib/gcc/arm-none-eabi/11.3.1/../../../../arm-none-eabi/lib/thumb/v7-m/nofp/crt0.o (exit)
C:/ST/STM32CubeIDE_1.13.2/STM32CubeIDE/plugins/com.st.stm32cube.ide.mcu.externaltools.gnu-tools-for-stm32.11.3.rel1.win32_1.1.1.202309131626/tools/bin/../lib/gcc/arm-none-eabi/11.3.1/../../../../arm-none-eabi/lib/thumb/v7-m/nofp\libc_nano.a(libc_a-findfp.o)
                              C:/ST/STM32CubeIDE_1.13.2/STM32CubeIDE/plugins/com.st.stm32cube.ide.mcu.externaltools.gnu-tools-for-stm32.11.3.rel1.win32_1.1.1.202309131626/tools/bin/../lib/gcc/arm-none-eabi/11.3.1/../../../../arm-none-eabi/lib/thumb/v7-m/nofp\libc_nano.a(libc_a-exit.o) (__stdio_exit_handler)
C:/ST/STM32CubeIDE_1.13.2/STM32CubeIDE/plugins/com.st.stm32cube.ide.mcu.externaltools.gnu-tools-for-stm32.11.3.rel1.win32_1.1.1.202309131626/tools/bin/../lib/gcc/arm-none-eabi/11.3.1/../../../../arm-none-eabi/lib/thumb/v7-m/nofp\libc_nano.a(libc_a-fwalk.o)
                              C:/ST/STM32CubeIDE_1.13.2/STM32CubeIDE/plugins/com.st.stm32cube.ide.mcu.externaltools.gnu-tools-for-stm32.11.3.rel1.win32_1.1.1.202309131626/tools/bin/../lib/gcc/arm-none-eabi/11.3.1/../../../../arm-none-eabi/lib/thumb/v7-m/nofp\libc_nano.a(libc_a-findfp.o) (_fwalk_sglue)
C:/ST/STM32CubeIDE_1.13.2/STM32CubeIDE/plugins/com.st.stm32cube.ide.mcu.externaltools.gnu-tools-for-stm32.11.3.rel1.win32_1.1.1.202309131626/tools/bin/../lib/gcc/arm-none-eabi/11.3.1/../../../../arm-none-eabi/lib/thumb/v7-m/nofp\libc_nano.a(libc_a-stdio.o)
                              C:/ST/STM32CubeIDE_1.13.2/STM32CubeIDE/plugins/com.st.stm32cube.ide.mcu.externaltools.gnu-tools-for-stm32.11.3.rel1.win32_1.1.1.202309131626/tools/bin/../lib/gcc/arm-none-eabi/11.3.1/../../../../arm-none-eabi/lib/thumb/v7-m/nofp\libc_nano.a(libc_a-findfp.o) (__sread)
C:/ST/STM32CubeIDE_1.13.2/STM32CubeIDE/plugins/com.st.stm32cube.ide.mcu.externaltools.gnu-tools-for-stm32.11.3.rel1.win32_1.1.1.202309131626/tools/bin/../lib/gcc/arm-none-eabi/11.3.1/../../../../arm-none-eabi/lib/thumb/v7-m/nofp\libc_nano.a(libc_a-memset.o)
                              C:/ST/STM32CubeIDE_1.13.2/STM32CubeIDE/plugins/com.st.stm32cube.ide.mcu.externaltools.gnu-tools-for-stm32.11.3.rel1.win32_1.1.1.202309131626/tools/bin/../lib/gcc/arm-none-eabi/11.3.1/../../../../arm-none-eabi/lib/thumb/v7-m/nofp/crt0.o (memset)
C:/ST/STM32CubeIDE_1.13.2/STM32CubeIDE/plugins/com.st.stm32cube.ide.mcu.externaltools.gnu-tools-for-stm32.11.3.rel1.win32_1.1.1.202309131626/tools/bin/../lib/gcc/arm-none-eabi/11.3.1/../../../../arm-none-eabi/lib/thumb/v7-m/nofp\libc_nano.a(libc_a-closer.o)
                              C:/ST/STM32CubeIDE_1.13.2/STM32CubeIDE/plugins/com.st.stm32cube.ide.mcu.externaltools.gnu-tools-for-stm32.11.3.rel1.win32_1.1.1.202309131626/tools/bin/../lib/gcc/arm-none-eabi/11.3.1/../../../../arm-none-eabi/lib/thumb/v7-m/nofp\libc_nano.a(libc_a-stdio.o) (_close_r)
C:/ST/STM32CubeIDE_1.13.2/STM32CubeIDE/plugins/com.st.stm32cube.ide.mcu.externaltools.gnu-tools-for-stm32.11.3.rel1.win32_1.1.1.202309131626/tools/bin/../lib/gcc/arm-none-eabi/11.3.1/../../../../arm-none-eabi/lib/thumb/v7-m/nofp\libc_nano.a(libc_a-reent.o)
                              C:/ST/STM32CubeIDE_1.13.2/STM32CubeIDE/plugins/com.st.stm32cube.ide.mcu.externaltools.gnu-tools-for-stm32.11.3.rel1.win32_1.1.1.202309131626/tools/bin/../lib/gcc/arm-none-eabi/11.3.1/../../../../arm-none-eabi/lib/thumb/v7-m/nofp\libc_nano.a(libc_a-closer.o) (errno)
C:/ST/STM32CubeIDE_1.13.2/STM32CubeIDE/plugins/com.st.stm32cube.ide.mcu.externaltools.gnu-tools-for-stm32.11.3.rel1.win32_1.1.1.202309131626/tools/bin/../lib/gcc/arm-none-eabi/11.3.1/../../../../arm-none-eabi/lib/thumb/v7-m/nofp\libc_nano.a(libc_a-impure.o)
                              C:/ST/STM32CubeIDE_1.13.2/STM32CubeIDE/plugins/com.st.stm32cube.ide.mcu.externaltools.gnu-tools-for-stm32.11.3.rel1.win32_1.1.1.202309131626/tools/bin/../lib/gcc/arm-none-eabi/11.3.1/../../../../arm-none-eabi/lib/thumb/v7-m/nofp\libc_nano.a(libc_a-reent.o) (_impure_ptr)
C:/ST/STM32CubeIDE_1.13.2/STM32CubeIDE/plugins/com.st.stm32cube.ide.mcu.externaltools.gnu-tools-for-stm32.11.3.rel1.win32_1.1.1.202309131626/tools/bin/../lib/gcc/arm-none-eabi/11.3.1/../../../../arm-none-eabi/lib/thumb/v7-m/nofp\libc_nano.a(libc_a-lseekr.o)
[...]
Memory Configuration

Name             Origin             Length             Attributes
RAM              0x0000000020000000 0x0000000000005000 xrw
FLASH            0x0000000008000000 0x0000000000010000 xr
*default*        0x0000000000000000 0xffffffffffffffff

Linker script and memory map

LOAD C:/ST/STM32CubeIDE_1.13.2/STM32CubeIDE/plugins/com.st.stm32cube.ide.mcu.externaltools.gnu-tools-for-stm32.11.3.rel1.win32_1.1.1.202309131626/tools/bin/../lib/gcc/arm-none-eabi/11.3.1/thumb/v7-m/nofp/crti.o
LOAD C:/ST/STM32CubeIDE_1.13.2/STM32CubeIDE/plugins/com.st.stm32cube.ide.mcu.externaltools.gnu-tools-for-stm32.11.3.rel1.win32_1.1.1.202309131626/tools/bin/../lib/gcc/arm-none-eabi/11.3.1/thumb/v7-m/nofp/crtbegin.o
LOAD C:/ST/STM32CubeIDE_1.13.2/STM32CubeIDE/plugins/com.st.stm32cube.ide.mcu.externaltools.gnu-tools-for-stm32.11.3.rel1.win32_1.1.1.202309131626/tools/bin/../lib/gcc/arm-none-eabi/11.3.1/../../../../arm-none-eabi/lib/thumb/v7-m/nofp/crt0.o
LOAD ./Core/Src/gpio.o
LOAD ./Core/Src/main.o
LOAD ./Core/Src/stm32f1xx_hal_msp.o
LOAD ./Core/Src/stm32f1xx_it.o
LOAD ./Core/Src/syscalls.o
LOAD ./Core/Src/sysmem.o
LOAD ./Core/Src/system_stm32f1xx.o
LOAD ./Core/Startup/startup_stm32f103c8tx.o
LOAD ./Drivers/STM32F1xx_HAL_Driver/Src/stm32f1xx_hal.o
LOAD ./Drivers/STM32F1xx_HAL_Driver/Src/stm32f1xx_hal_cortex.o
LOAD ./Drivers/STM32F1xx_HAL_Driver/Src/stm32f1xx_hal_dma.o
LOAD ./Drivers/STM32F1xx_HAL_Driver/Src/stm32f1xx_hal_exti.o
LOAD ./Drivers/STM32F1xx_HAL_Driver/Src/stm32f1xx_hal_flash.o
LOAD ./Drivers/STM32F1xx_HAL_Driver/Src/stm32f1xx_hal_flash_ex.o
LOAD ./Drivers/STM32F1xx_HAL_Driver/Src/stm32f1xx_hal_gpio.o
LOAD ./Drivers/STM32F1xx_HAL_Driver/Src/stm32f1xx_hal_gpio_ex.o
LOAD ./Drivers/STM32F1xx_HAL_Driver/Src/stm32f1xx_hal_pcd.o
LOAD ./Drivers/STM32F1xx_HAL_Driver/Src/stm32f1xx_hal_pcd_ex.o
LOAD ./Drivers/STM32F1xx_HAL_Driver/Src/stm32f1xx_hal_pwr.o
LOAD ./Drivers/STM32F1xx_HAL_Driver/Src/stm32f1xx_hal_rcc.o
LOAD ./Drivers/STM32F1xx_HAL_Driver/Src/stm32f1xx_hal_rcc_ex.o
LOAD ./Drivers/STM32F1xx_HAL_Driver/Src/stm32f1xx_hal_tim.o
LOAD ./Drivers/STM32F1xx_HAL_Driver/Src/stm32f1xx_hal_tim_ex.o
LOAD ./Drivers/STM32F1xx_HAL_Driver/Src/stm32f1xx_ll_usb.o
LOAD ./Middlewares/ST/STM32_USB_Device_Library/Class/CDC/Src/usbd_cdc.o
LOAD ./Middlewares/ST/STM32_USB_Device_Library/Core/Src/usbd_core.o
LOAD ./Middlewares/ST/STM32_USB_Device_Library/Core/Src/usbd_ctlreq.o
LOAD ./Middlewares/ST/STM32_USB_Device_Library/Core/Src/usbd_ioreq.o
LOAD ./USB_DEVICE/App/usb_device.o
LOAD ./USB_DEVICE/App/usbd_cdc_if.o
LOAD ./USB_DEVICE/App/usbd_desc.o
LOAD ./USB_DEVICE/Target/usbd_conf.o
START GROUP
LOAD C:/ST/STM32CubeIDE_1.13.2/STM32CubeIDE/plugins/com.st.stm32cube.ide.mcu.externaltools.gnu-tools-for-stm32.11.3.rel1.win32_1.1.1.202309131626/tools/bin/../lib/gcc/arm-none-eabi/11.3.1/../../../../arm-none-eabi/lib/thumb/v7-m/nofp\libc_nano.a
LOAD C:/ST/STM32CubeIDE_1.13.2/STM32CubeIDE/plugins/com.st.stm32cube.ide.mcu.externaltools.gnu-tools-for-stm32.11.3.rel1.win32_1.1.1.202309131626/tools/bin/../lib/gcc/arm-none-eabi/11.3.1/../../../../arm-none-eabi/lib/thumb/v7-m/nofp\libm.a
END GROUP
START GROUP
LOAD C:/ST/STM32CubeIDE_1.13.2/STM32CubeIDE/plugins/com.st.stm32cube.ide.mcu.externaltools.gnu-tools-for-stm32.11.3.rel1.win32_1.1.1.202309131626/tools/bin/../lib/gcc/arm-none-eabi/11.3.1/thumb/v7-m/nofp\libgcc.a
LOAD C:/ST/STM32CubeIDE_1.13.2/STM32CubeIDE/plugins/com.st.stm32cube.ide.mcu.externaltools.gnu-tools-for-stm32.11.3.rel1.win32_1.1.1.202309131626/tools/bin/../lib/gcc/arm-none-eabi/11.3.1/../../../../arm-none-eabi/lib/thumb/v7-m/nofp\libc_nano.a
END GROUP
START GROUP
LOAD C:/ST/STM32CubeIDE_1.13.2/STM32CubeIDE/plugins/com.st.stm32cube.ide.mcu.externaltools.gnu-tools-for-stm32.11.3.rel1.win32_1.1.1.202309131626/tools/bin/../lib/gcc/arm-none-eabi/11.3.1/thumb/v7-m/nofp\libgcc.a
LOAD C:/ST/STM32CubeIDE_1.13.2/STM32CubeIDE/plugins/com.st.stm32cube.ide.mcu.externaltools.gnu-tools-for-stm32.11.3.rel1.win32_1.1.1.202309131626/tools/bin/../lib/gcc/arm-none-eabi/11.3.1/../../../../arm-none-eabi/lib/thumb/v7-m/nofp\libc_nano.a
LOAD C:/ST/STM32CubeIDE_1.13.2/STM32CubeIDE/plugins/com.st.stm32cube.ide.mcu.externaltools.gnu-tools-for-stm32.11.3.rel1.win32_1.1.1.202309131626/tools/bin/../lib/gcc/arm-none-eabi/11.3.1/../../../../arm-none-eabi/lib/thumb/v7-m/nofp\libnosys.a
END GROUP
START GROUP
LOAD C:/ST/STM32CubeIDE_1.13.2/STM32CubeIDE/plugins/com.st.stm32cube.ide.mcu.externaltools.gnu-tools-for-stm32.11.3.rel1.win32_1.1.1.202309131626/tools/bin/../lib/gcc/arm-none-eabi/11.3.1/thumb/v7-m/nofp\libgcc.a
LOAD C:/ST/STM32CubeIDE_1.13.2/STM32CubeIDE/plugins/com.st.stm32cube.ide.mcu.externaltools.gnu-tools-for-stm32.11.3.rel1.win32_1.1.1.202309131626/tools/bin/../lib/gcc/arm-none-eabi/11.3.1/../../../../arm-none-eabi/lib/thumb/v7-m/nofp\libc_nano.a
LOAD C:/ST/STM32CubeIDE_1.13.2/STM32CubeIDE/plugins/com.st.stm32cube.ide.mcu.externaltools.gnu-tools-for-stm32.11.3.rel1.win32_1.1.1.202309131626/tools/bin/../lib/gcc/arm-none-eabi/11.3.1/../../../../arm-none-eabi/lib/thumb/v7-m/nofp\libnosys.a
END GROUP
LOAD C:/ST/STM32CubeIDE_1.13.2/STM32CubeIDE/plugins/com.st.stm32cube.ide.mcu.externaltools.gnu-tools-for-stm32.11.3.rel1.win32_1.1.1.202309131626/tools/bin/../lib/gcc/arm-none-eabi/11.3.1/thumb/v7-m/nofp/crtend.o
LOAD C:/ST/STM32CubeIDE_1.13.2/STM32CubeIDE/plugins/com.st.stm32cube.ide.mcu.externaltools.gnu-tools-for-stm32.11.3.rel1.win32_1.1.1.202309131626/tools/bin/../lib/gcc/arm-none-eabi/11.3.1/thumb/v7-m/nofp/crtn.o
                0x0000000020005000                _estack = (ORIGIN (RAM) + LENGTH (RAM))
                0x0000000000000200                _Min_Heap_Size = 0x200
                0x0000000000000400                _Min_Stack_Size = 0x400

.isr_vector     0x0000000008000000      0x10c
                0x0000000008000000                . = ALIGN (0x4)
 *(.isr_vector)
 .isr_vector    0x0000000008000000      0x10c ./Core/Startup/startup_stm32f103c8tx.o
                0x0000000008000000                g_pfnVectors
                0x000000000800010c                . = ALIGN (0x4)

.text           0x000000000800010c     0x7710
                0x000000000800010c                . = ALIGN (0x4)
 *(.text)
 .text          0x000000000800010c       0x40 C:/ST/STM32CubeIDE_1.13.2/STM32CubeIDE/plugins/com.st.stm32cube.ide.mcu.externaltools.gnu-tools-for-stm32.11.3.rel1.win32_1.1.1.202309131626/tools/bin/../lib/gcc/arm-none-eabi/11.3.1/thumb/v7-m/nofp/crtbegin.o
 *(.text*)
 .text.MX_GPIO_Init
                0x000000000800014c      0x144 ./Core/Src/gpio.o
                0x000000000800014c                MX_GPIO_Init
 .text.main     0x0000000008000290       0xb8 ./Core/Src/main.o
                0x0000000008000290                main
 .text.SystemClock_Config
                0x0000000008000348       0xb4 ./Core/Src/main.o
                0x0000000008000348                SystemClock_Config
 .text.HAL_GPIO_EXTI_Callback
                0x00000000080003fc       0x68 ./Core/Src/main.o
                0x00000000080003fc                HAL_GPIO_EXTI_Callback
 .text.Error_Handler
                0x0000000008000464        0xa ./Core/Src/main.o
                0x0000000008000464                Error_Handler
 *fill*         0x000000000800046e        0x2 
 .text.HAL_MspInit
                0x0000000008000470       0x64 ./Core/Src/stm32f1xx_hal_msp.o
                0x0000000008000470                HAL_MspInit
 .text.NMI_Handler
                0x00000000080004d4        0x6 ./Core/Src/stm32f1xx_it.o
                0x00000000080004d4                NMI_Handler
 .text.HardFault_Handler
                0x00000000080004da        0x6 ./Core/Src/stm32f1xx_it.o
                0x00000000080004da                HardFault_Handler
 .text.MemManage_Handler
                0x00000000080004e0        0x6 ./Core/Src/stm32f1xx_it.o
                0x00000000080004e0                MemManage_Handler
 .text.BusFault_Handler
                0x00000000080004e6        0x6 ./Core/Src/stm32f1xx_it.o
                0x00000000080004e6                BusFault_Handler
 .text.UsageFault_Handler
                0x00000000080004ec        0x6 ./Core/Src/stm32f1xx_it.o
                0x00000000080004ec                UsageFault_Handler
 .text.SVC_Handler
                0x00000000080004f2        0xc ./Core/Src/stm32f1xx_it.o
                0x00000000080004f2                SVC_Handler
 .text.DebugMon_Handler
                0x00000000080004fe        0xc ./Core/Src/stm32f1xx_it.o
                0x00000000080004fe                DebugMon_Handler
 .text.PendSV_Handler
                0x000000000800050a        0xc ./Core/Src/stm32f1xx_it.o
                0x000000000800050a                PendSV_Handler
 .text.SysTick_Handler
                0x0000000008000516        0xc ./Core/Src/stm32f1xx_it.o
                0x0000000008000516                SysTick_Handler
 .text.EXTI0_IRQHandler
                0x0000000008000522        0xe ./Core/Src/stm32f1xx_it.o
                0x0000000008000522                EXTI0_IRQHandler
 .text.EXTI1_IRQHandler
                0x0000000008000530        0xe ./Core/Src/stm32f1xx_it.o
                0x0000000008000530                EXTI1_IRQHandler
 .text.EXTI2_IRQHandler
                0x000000000800053e        0xe ./Core/Src/stm32f1xx_it.o
                0x000000000800053e                EXTI2_IRQHandler
 .text.USB_HP_CAN1_TX_IRQHandler
                0x000000000800054c       0x14 ./Core/Src/stm32f1xx_it.o
                0x000000000800054c                USB_HP_CAN1_TX_IRQHandler
 .text.USB_LP_CAN1_RX0_IRQHandler
                0x0000000008000560       0x14 ./Core/Src/stm32f1xx_it.o
                0x0000000008000560                USB_LP_CAN1_RX0_IRQHandler
 .text.SystemInit
                0x0000000008000574        0xc ./Core/Src/system_stm32f1xx.o
                0x0000000008000574                SystemInit
 .text.Reset_Handler
                0x0000000008000580       0x48 ./Core/Startup/startup_stm32f103c8tx.o
                0x0000000008000580                Reset_Handler
 .text.Default_Handler
                0x00000000080005c8        0x2 ./Core/Startup/startup_stm32f103c8tx.o
                0x00000000080005c8                RTC_Alarm_IRQHandler
                0x00000000080005c8                TIM1_CC_IRQHandler
                0x00000000080005c8                PVD_IRQHandler
                0x00000000080005c8                EXTI3_IRQHandler
                0x00000000080005c8                I2C2_EV_IRQHandler
                0x00000000080005c8                ADC1_2_IRQHandler
                0x00000000080005c8                SPI1_IRQHandler
                0x00000000080005c8                TAMPER_IRQHandler
                0x00000000080005c8                DMA1_Channel4_IRQHandler
                0x00000000080005c8                USART3_IRQHandler
                0x00000000080005c8                RTC_IRQHandler
                0x00000000080005c8                DMA1_Channel7_IRQHandler
                0x00000000080005c8                CAN1_RX1_IRQHandler
                0x00000000080005c8                TIM4_IRQHandler
                0x00000000080005c8                I2C1_EV_IRQHandler
                0x00000000080005c8                DMA1_Channel6_IRQHandler
                0x00000000080005c8                TIM3_IRQHandler
                0x00000000080005c8                RCC_IRQHandler
                0x00000000080005c8                TIM1_TRG_COM_IRQHandler
                0x00000000080005c8                DMA1_Channel1_IRQHandler
                0x00000000080005c8                Default_Handler
                0x00000000080005c8                EXTI15_10_IRQHandler
                0x00000000080005c8                EXTI9_5_IRQHandler
                0x00000000080005c8                SPI2_IRQHandler
                0x00000000080005c8                DMA1_Channel5_IRQHandler
                0x00000000080005c8                EXTI4_IRQHandler
                0x00000000080005c8                DMA1_Channel3_IRQHandler
                0x00000000080005c8                TIM1_UP_IRQHandler
                0x00000000080005c8                WWDG_IRQHandler
                0x00000000080005c8                TIM2_IRQHandler
                0x00000000080005c8                TIM1_BRK_IRQHandler
                0x00000000080005c8                USART2_IRQHandler
                0x00000000080005c8                I2C2_ER_IRQHandler
                0x00000000080005c8                DMA1_Channel2_IRQHandler
                0x00000000080005c8                CAN1_SCE_IRQHandler
                0x00000000080005c8                FLASH_IRQHandler
                0x00000000080005c8                USART1_IRQHandler
                0x00000000080005c8                I2C1_ER_IRQHandler
                0x00000000080005c8                USBWakeUp_IRQHandler
 *fill*         0x00000000080005ca        0x2 
 .text.HAL_Init
                0x00000000080005cc       0x2c ./Drivers/STM32F1xx_HAL_Driver/Src/stm32f1xx_hal.o
                0x00000000080005cc                HAL_Init
 .text.HAL_InitTick
                0x00000000080005f8       0x60 ./Drivers/STM32F1xx_HAL_Driver/Src/stm32f1xx_hal.o
                0x00000000080005f8                HAL_InitTick
 .text.HAL_IncTick
                0x0000000008000658       0x24 ./Drivers/STM32F1xx_HAL_Driver/Src/stm32f1xx_hal.o
                0x0000000008000658                HAL_IncTick
 .text.HAL_GetTick
                0x000000000800067c       0x14 ./Drivers/STM32F1xx_HAL_Driver/Src/stm32f1xx_hal.o
                0x000000000800067c                HAL_GetTick
 .text.__NVIC_SetPriorityGrouping
                0x0000000008000690       0x48 ./Drivers/STM32F1xx_HAL_Driver/Src/stm32f1xx_hal_cortex.o
 .text.__NVIC_GetPriorityGrouping
                0x00000000080006d8       0x1c ./Drivers/STM32F1xx_HAL_Driver/Src/stm32f1xx_hal_cortex.o
 .text.__NVIC_EnableIRQ
                0x00000000080006f4       0x38 ./Drivers/STM32F1xx_HAL_Driver/Src/stm32f1xx_hal_cortex.o
 .text.__NVIC_SetPriority
                0x000000000800072c       0x54 ./Drivers/STM32F1xx_HAL_Driver/Src/stm32f1xx_hal_cortex.o
 .text.NVIC_EncodePriority
                0x0000000008000780       0x64 ./Drivers/STM32F1xx_HAL_Driver/Src/stm32f1xx_hal_cortex.o
 .text.SysTick_Config
                0x00000000080007e4       0x44 ./Drivers/STM32F1xx_HAL_Driver/Src/stm32f1xx_hal_cortex.o
 .text.HAL_NVIC_SetPriorityGrouping
                0x0000000008000828       0x16 ./Drivers/STM32F1xx_HAL_Driver/Src/stm32f1xx_hal_cortex.o
                0x0000000008000828                HAL_NVIC_SetPriorityGrouping
 .text.HAL_NVIC_SetPriority
                0x000000000800083e       0x38 ./Drivers/STM32F1xx_HAL_Driver/Src/stm32f1xx_hal_cortex.o
                0x000000000800083e                HAL_NVIC_SetPriority
 .text.HAL_NVIC_EnableIRQ
                0x0000000008000876       0x1c ./Drivers/STM32F1xx_HAL_Driver/Src/stm32f1xx_hal_cortex.o
                0x0000000008000876                HAL_NVIC_EnableIRQ
 .text.HAL_SYSTICK_Config
                0x0000000008000892       0x18 ./Drivers/STM32F1xx_HAL_Driver/Src/stm32f1xx_hal_cortex.o
                0x0000000008000892                HAL_SYSTICK_Config
 *fill*         0x00000000080008aa        0x2 
 .text.HAL_GPIO_Init
                0x00000000080008ac      0x308 ./Drivers/STM32F1xx_HAL_Driver/Src/stm32f1xx_hal_gpio.o
                0x00000000080008ac                HAL_GPIO_Init
 .text.HAL_GPIO_WritePin
                0x0000000008000bb4       0x30 ./Drivers/STM32F1xx_HAL_Driver/Src/stm32f1xx_hal_gpio.o
                0x0000000008000bb4                HAL_GPIO_WritePin
 .text.HAL_GPIO_TogglePin
                0x0000000008000be4       0x32 ./Drivers/STM32F1xx_HAL_Driver/Src/stm32f1xx_hal_gpio.o
                0x0000000008000be4                HAL_GPIO_TogglePin
 *fill*         0x0000000008000c16        0x2 
 .text.HAL_GPIO_EXTI_IRQHandler
                0x0000000008000c18       0x30 ./Drivers/STM32F1xx_HAL_Driver/Src/stm32f1xx_hal_gpio.o
                0x0000000008000c18                HAL_GPIO_EXTI_IRQHandler
 .text.HAL_PCD_Init
                0x0000000008000c48      0x1fe ./Drivers/STM32F1xx_HAL_Driver/Src/stm32f1xx_hal_pcd.o
                0x0000000008000c48                HAL_PCD_Init
 .text.HAL_PCD_Start
                0x0000000008000e46       0x4c ./Drivers/STM32F1xx_HAL_Driver/Src/stm32f1xx_hal_pcd.o
                0x0000000008000e46                HAL_PCD_Start
 .text.HAL_PCD_IRQHandler
                0x0000000008000e92      0x260 ./Drivers/STM32F1xx_HAL_Driver/Src/stm32f1xx_hal_pcd.o
                0x0000000008000e92                HAL_PCD_IRQHandler
 .text.HAL_PCD_SetAddress
                0x00000000080010f2       0x4a ./Drivers/STM32F1xx_HAL_Driver/Src/stm32f1xx_hal_pcd.o
                0x00000000080010f2                HAL_PCD_SetAddress
 .text.HAL_PCD_EP_Open
                0x000000000800113c       0xba ./Drivers/STM32F1xx_HAL_Driver/Src/stm32f1xx_hal_pcd.o
                0x000000000800113c                HAL_PCD_EP_Open
 .text.HAL_PCD_EP_Close
                0x00000000080011f6       0x90 ./Drivers/STM32F1xx_HAL_Driver/Src/stm32f1xx_hal_pcd.o
                0x00000000080011f6                HAL_PCD_EP_Close
 .text.HAL_PCD_EP_Receive
                0x0000000008001286       0x62 ./Drivers/STM32F1xx_HAL_Driver/Src/stm32f1xx_hal_pcd.o
                0x0000000008001286                HAL_PCD_EP_Receive
 .text.HAL_PCD_EP_GetRxCount
                0x00000000080012e8       0x2e ./Drivers/STM32F1xx_HAL_Driver/Src/stm32f1xx_hal_pcd.o
                0x00000000080012e8                HAL_PCD_EP_GetRxCount
 .text.HAL_PCD_EP_Transmit
                0x0000000008001316       0x6e ./Drivers/STM32F1xx_HAL_Driver/Src/stm32f1xx_hal_pcd.o
                0x0000000008001316                HAL_PCD_EP_Transmit
 .text.HAL_PCD_EP_SetStall
                0x0000000008001384       0xc0 ./Drivers/STM32F1xx_HAL_Driver/Src/stm32f1xx_hal_pcd.o
                0x0000000008001384                HAL_PCD_EP_SetStall
 .text.HAL_PCD_EP_ClrStall
                0x0000000008001444       0xa8 ./Drivers/STM32F1xx_HAL_Driver/Src/stm32f1xx_hal_pcd.o
                0x0000000008001444                HAL_PCD_EP_ClrStall
 .text.PCD_EP_ISR_Handler
                0x00000000080014ec      0x7a6 ./Drivers/STM32F1xx_HAL_Driver/Src/stm32f1xx_hal_pcd.o
 .text.HAL_PCD_EP_DB_Receive
                0x0000000008001c92      0x21a ./Drivers/STM32F1xx_HAL_Driver/Src/stm32f1xx_hal_pcd.o
 .text.HAL_PCD_EP_DB_Transmit
                0x0000000008001eac      0x7f4 ./Drivers/STM32F1xx_HAL_Driver/Src/stm32f1xx_hal_pcd.o
 .text.HAL_PCDEx_PMAConfig
                0x00000000080026a0       0x84 ./Drivers/STM32F1xx_HAL_Driver/Src/stm32f1xx_hal_pcd_ex.o
                0x00000000080026a0                HAL_PCDEx_PMAConfig
 .text.HAL_RCC_OscConfig
                0x0000000008002724      0x504 ./Drivers/STM32F1xx_HAL_Driver/Src/stm32f1xx_hal_rcc.o
                0x0000000008002724                HAL_RCC_OscConfig
 .text.HAL_RCC_ClockConfig
                0x0000000008002c28      0x1d4 ./Drivers/STM32F1xx_HAL_Driver/Src/stm32f1xx_hal_rcc.o
                0x0000000008002c28                HAL_RCC_ClockConfig
 .text.HAL_RCC_GetSysClockFreq
                0x0000000008002dfc       0xa8 ./Drivers/STM32F1xx_HAL_Driver/Src/stm32f1xx_hal_rcc.o
                0x0000000008002dfc                HAL_RCC_GetSysClockFreq
 .text.RCC_Delay
                0x0000000008002ea4       0x3c ./Drivers/STM32F1xx_HAL_Driver/Src/stm32f1xx_hal_rcc.o
 .text.HAL_RCCEx_PeriphCLKConfig
                0x0000000008002ee0      0x16c ./Drivers/STM32F1xx_HAL_Driver/Src/stm32f1xx_hal_rcc_ex.o
                0x0000000008002ee0                HAL_RCCEx_PeriphCLKConfig
 .text.USB_CoreInit
                0x000000000800304c       0x20 ./Drivers/STM32F1xx_HAL_Driver/Src/stm32f1xx_ll_usb.o
                0x000000000800304c                USB_CoreInit
 .text.USB_EnableGlobalInt
                0x000000000800306c       0x2c ./Drivers/STM32F1xx_HAL_Driver/Src/stm32f1xx_ll_usb.o
                0x000000000800306c                USB_EnableGlobalInt
 .text.USB_DisableGlobalInt
                0x0000000008003098       0x34 ./Drivers/STM32F1xx_HAL_Driver/Src/stm32f1xx_ll_usb.o
                0x0000000008003098                USB_DisableGlobalInt
 .text.USB_SetCurrentMode
                0x00000000080030cc       0x18 ./Drivers/STM32F1xx_HAL_Driver/Src/stm32f1xx_ll_usb.o
                0x00000000080030cc                USB_SetCurrentMode
 .text.USB_DevInit
                0x00000000080030e4       0x40 ./Drivers/STM32F1xx_HAL_Driver/Src/stm32f1xx_ll_usb.o
                0x00000000080030e4                USB_DevInit
 .text.USB_ActivateEndpoint
                0x0000000008003124      0x780 ./Drivers/STM32F1xx_HAL_Driver/Src/stm32f1xx_ll_usb.o
                0x0000000008003124                USB_ActivateEndpoint
 .text.USB_DeactivateEndpoint
                0x00000000080038a4      0x3d8 ./Drivers/STM32F1xx_HAL_Driver/Src/stm32f1xx_ll_usb.o
                0x00000000080038a4                USB_DeactivateEndpoint
 .text.USB_EPStartXfer
                0x0000000008003c7c     0x1762 ./Drivers/STM32F1xx_HAL_Driver/Src/stm32f1xx_ll_usb.o
                0x0000000008003c7c                USB_EPStartXfer
 .text.USB_EPSetStall
                0x00000000080053de       0xa0 ./Drivers/STM32F1xx_HAL_Driver/Src/stm32f1xx_ll_usb.o
                0x00000000080053de                USB_EPSetStall
 .text.USB_EPClearStall
                0x000000000800547e      0x15a ./Drivers/STM32F1xx_HAL_Driver/Src/stm32f1xx_ll_usb.o
                0x000000000800547e                USB_EPClearStall
 .text.USB_SetDevAddress
                0x00000000080055d8       0x26 ./Drivers/STM32F1xx_HAL_Driver/Src/stm32f1xx_ll_usb.o
                0x00000000080055d8                USB_SetDevAddress
 .text.USB_DevConnect
                0x00000000080055fe       0x14 ./Drivers/STM32F1xx_HAL_Driver/Src/stm32f1xx_ll_usb.o
                0x00000000080055fe                USB_DevConnect
 .text.USB_DevDisconnect
                0x0000000008005612       0x14 ./Drivers/STM32F1xx_HAL_Driver/Src/stm32f1xx_ll_usb.o
                0x0000000008005612                USB_DevDisconnect
 .text.USB_ReadInterrupts
                0x0000000008005626       0x1e ./Drivers/STM32F1xx_HAL_Driver/Src/stm32f1xx_ll_usb.o
                0x0000000008005626                USB_ReadInterrupts
 .text.USB_EP0_OutStart
                0x0000000008005644       0x16 ./Drivers/STM32F1xx_HAL_Driver/Src/stm32f1xx_ll_usb.o
                0x0000000008005644                USB_EP0_OutStart
 .text.USB_WritePMA
                0x000000000800565a       0x8a ./Drivers/STM32F1xx_HAL_Driver/Src/stm32f1xx_ll_usb.o
                0x000000000800565a                USB_WritePMA
 .text.USB_ReadPMA
                0x00000000080056e4       0x9e ./Drivers/STM32F1xx_HAL_Driver/Src/stm32f1xx_ll_usb.o
                0x00000000080056e4                USB_ReadPMA
 .text.USBD_CDC_Init
                0x0000000008005782       0xf4 ./Middlewares/ST/STM32_USB_Device_Library/Class/CDC/Src/usbd_cdc.o
 .text.USBD_CDC_DeInit
                0x0000000008005876       0x6e ./Middlewares/ST/STM32_USB_Device_Library/Class/CDC/Src/usbd_cdc.o
 .text.USBD_CDC_Setup
                0x00000000080058e4      0x146 ./Middlewares/ST/STM32_USB_Device_Library/Class/CDC/Src/usbd_cdc.o
 .text.USBD_CDC_DataIn
                0x0000000008005a2a       0xa6 ./Middlewares/ST/STM32_USB_Device_Library/Class/CDC/Src/usbd_cdc.o
 .text.USBD_CDC_DataOut
                0x0000000008005ad0       0x56 ./Middlewares/ST/STM32_USB_Device_Library/Class/CDC/Src/usbd_cdc.o
 .text.USBD_CDC_EP0_RxReady
                0x0000000008005b26       0x50 ./Middlewares/ST/STM32_USB_Device_Library/Class/CDC/Src/usbd_cdc.o
 *fill*         0x0000000008005b76        0x2 
 .text.USBD_CDC_GetFSCfgDesc
                0x0000000008005b78       0x20 ./Middlewares/ST/STM32_USB_Device_Library/Class/CDC/Src/usbd_cdc.o
 .text.USBD_CDC_GetHSCfgDesc
                0x0000000008005b98       0x20 ./Middlewares/ST/STM32_USB_Device_Library/Class/CDC/Src/usbd_cdc.o
 .text.USBD_CDC_GetOtherSpeedCfgDesc
                0x0000000008005bb8       0x20 ./Middlewares/ST/STM32_USB_Device_Library/Class/CDC/Src/usbd_cdc.o
 .text.USBD_CDC_GetDeviceQualifierDescriptor
                0x0000000008005bd8       0x20 ./Middlewares/ST/STM32_USB_Device_Library/Class/CDC/Src/usbd_cdc.o
                0x0000000008005bd8                USBD_CDC_GetDeviceQualifierDescriptor
 .text.USBD_CDC_RegisterInterface
                0x0000000008005bf8       0x2c ./Middlewares/ST/STM32_USB_Device_Library/Class/CDC/Src/usbd_cdc.o
                0x0000000008005bf8                USBD_CDC_RegisterInterface
 .text.USBD_CDC_SetTxBuffer
                0x0000000008005c24       0x32 ./Middlewares/ST/STM32_USB_Device_Library/Class/CDC/Src/usbd_cdc.o
                0x0000000008005c24                USBD_CDC_SetTxBuffer
 .text.USBD_CDC_SetRxBuffer
                0x0000000008005c56       0x26 ./Middlewares/ST/STM32_USB_Device_Library/Class/CDC/Src/usbd_cdc.o
                0x0000000008005c56                USBD_CDC_SetRxBuffer
 .text.USBD_CDC_TransmitPacket
                0x0000000008005c7c       0x5e ./Middlewares/ST/STM32_USB_Device_Library/Class/CDC/Src/usbd_cdc.o
                0x0000000008005c7c                USBD_CDC_TransmitPacket
 .text.USBD_CDC_ReceivePacket
                0x0000000008005cda       0x54 ./Middlewares/ST/STM32_USB_Device_Library/Class/CDC/Src/usbd_cdc.o
                0x0000000008005cda                USBD_CDC_ReceivePacket
 .text.USBD_Init
                0x0000000008005d2e       0x56 ./Middlewares/ST/STM32_USB_Device_Library/Core/Src/usbd_core.o
                0x0000000008005d2e                USBD_Init
 .text.USBD_RegisterClass
                0x0000000008005d84       0x32 ./Middlewares/ST/STM32_USB_Device_Library/Core/Src/usbd_core.o
                0x0000000008005d84                USBD_RegisterClass
 .text.USBD_Start
                0x0000000008005db6       0x18 ./Middlewares/ST/STM32_USB_Device_Library/Core/Src/usbd_core.o
                0x0000000008005db6                USBD_Start
 .text.USBD_RunTestMode
                0x0000000008005dce       0x14 ./Middlewares/ST/STM32_USB_Device_Library/Core/Src/usbd_core.o
                0x0000000008005dce                USBD_RunTestMode
 .text.USBD_SetClassConfig
                0x0000000008005de2       0x3e ./Middlewares/ST/STM32_USB_Device_Library/Core/Src/usbd_core.o
                0x0000000008005de2                USBD_SetClassConfig
 .text.USBD_ClrClassConfig
                0x0000000008005e20       0x26 ./Middlewares/ST/STM32_USB_Device_Library/Core/Src/usbd_core.o
                0x0000000008005e20                USBD_ClrClassConfig
 .text.USBD_LL_SetupStage
                0x0000000008005e46       0x9a ./Middlewares/ST/STM32_USB_Device_Library/Core/Src/usbd_core.o
                0x0000000008005e46                USBD_LL_SetupStage
 .text.USBD_LL_DataOutStage
                0x0000000008005ee0       0xe2 ./Middlewares/ST/STM32_USB_Device_Library/Core/Src/usbd_core.o
                0x0000000008005ee0                USBD_LL_DataOutStage
 .text.USBD_LL_DataInStage
                0x0000000008005fc2      0x14a ./Middlewares/ST/STM32_USB_Device_Library/Core/Src/usbd_core.o
                0x0000000008005fc2                USBD_LL_DataInStage
 .text.USBD_LL_Reset
                0x000000000800610c       0x82 ./Middlewares/ST/STM32_USB_Device_Library/Core/Src/usbd_core.o
                0x000000000800610c                USBD_LL_Reset
 .text.USBD_LL_SetSpeed
                0x000000000800618e       0x1e ./Middlewares/ST/STM32_USB_Device_Library/Core/Src/usbd_core.o
                0x000000000800618e                USBD_LL_SetSpeed
 .text.USBD_LL_Suspend
                0x00000000080061ac       0x28 ./Middlewares/ST/STM32_USB_Device_Library/Core/Src/usbd_core.o
                0x00000000080061ac                USBD_LL_Suspend
 .text.USBD_LL_Resume
                0x00000000080061d4       0x2a ./Middlewares/ST/STM32_USB_Device_Library/Core/Src/usbd_core.o
                0x00000000080061d4                USBD_LL_Resume
 .text.USBD_LL_SOF
                0x00000000080061fe       0x34 ./Middlewares/ST/STM32_USB_Device_Library/Core/Src/usbd_core.o
                0x00000000080061fe                USBD_LL_SOF
 *fill*         0x0000000008006232        0x2 
 .text.USBD_StdDevReq
                0x0000000008006234       0xd4 ./Middlewares/ST/STM32_USB_Device_Library/Core/Src/usbd_ctlreq.o
                0x0000000008006234                USBD_StdDevReq
 .text.USBD_StdItfReq
                0x0000000008006308       0x90 ./Middlewares/ST/STM32_USB_Device_Library/Core/Src/usbd_ctlreq.o
                0x0000000008006308                USBD_StdItfReq
 .text.USBD_StdEPReq
                0x0000000008006398      0x2c6 ./Middlewares/ST/STM32_USB_Device_Library/Core/Src/usbd_ctlreq.o
                0x0000000008006398                USBD_StdEPReq
 *fill*         0x000000000800665e        0x2 
 .text.USBD_GetDescriptor
                0x0000000008006660      0x2d0 ./Middlewares/ST/STM32_USB_Device_Library/Core/Src/usbd_ctlreq.o
 .text.USBD_SetAddress
                0x0000000008006930       0x86 ./Middlewares/ST/STM32_USB_Device_Library/Core/Src/usbd_ctlreq.o
 *fill*         0x00000000080069b6        0x2 
 .text.USBD_SetConfig
                0x00000000080069b8      0x11c ./Middlewares/ST/STM32_USB_Device_Library/Core/Src/usbd_ctlreq.o
 .text.USBD_GetConfig
                0x0000000008006ad4       0x6a ./Middlewares/ST/STM32_USB_Device_Library/Core/Src/usbd_ctlreq.o
 .text.USBD_GetStatus
                0x0000000008006b3e       0x66 ./Middlewares/ST/STM32_USB_Device_Library/Core/Src/usbd_ctlreq.o
 .text.USBD_SetFeature
                0x0000000008006ba4       0x28 ./Middlewares/ST/STM32_USB_Device_Library/Core/Src/usbd_ctlreq.o
 .text.USBD_ClrFeature
                0x0000000008006bcc       0x42 ./Middlewares/ST/STM32_USB_Device_Library/Core/Src/usbd_ctlreq.o
 .text.USBD_ParseSetupRequest
                0x0000000008006c0e       0x78 ./Middlewares/ST/STM32_USB_Device_Library/Core/Src/usbd_ctlreq.o
                0x0000000008006c0e                USBD_ParseSetupRequest
 .text.USBD_CtlError
                0x0000000008006c86       0x22 ./Middlewares/ST/STM32_USB_Device_Library/Core/Src/usbd_ctlreq.o
                0x0000000008006c86                USBD_CtlError
 .text.USBD_GetString
                0x0000000008006ca8       0x84 ./Middlewares/ST/STM32_USB_Device_Library/Core/Src/usbd_ctlreq.o
                0x0000000008006ca8                USBD_GetString
 .text.USBD_GetLen
                0x0000000008006d2c       0x2e ./Middlewares/ST/STM32_USB_Device_Library/Core/Src/usbd_ctlreq.o
 .text.USBD_CtlSendData
                0x0000000008006d5a       0x38 ./Middlewares/ST/STM32_USB_Device_Library/Core/Src/usbd_ioreq.o
                0x0000000008006d5a                USBD_CtlSendData
 .text.USBD_CtlContinueSendData
                0x0000000008006d92       0x24 ./Middlewares/ST/STM32_USB_Device_Library/Core/Src/usbd_ioreq.o
                0x0000000008006d92                USBD_CtlContinueSendData
 .text.USBD_CtlPrepareRx
                0x0000000008006db6       0x3c ./Middlewares/ST/STM32_USB_Device_Library/Core/Src/usbd_ioreq.o
                0x0000000008006db6                USBD_CtlPrepareRx
 .text.USBD_CtlContinueRx
                0x0000000008006df2       0x24 ./Middlewares/ST/STM32_USB_Device_Library/Core/Src/usbd_ioreq.o
                0x0000000008006df2                USBD_CtlContinueRx
 .text.USBD_CtlSendStatus
                0x0000000008006e16       0x26 ./Middlewares/ST/STM32_USB_Device_Library/Core/Src/usbd_ioreq.o
                0x0000000008006e16                USBD_CtlSendStatus
 .text.USBD_CtlReceiveStatus
                0x0000000008006e3c       0x26 ./Middlewares/ST/STM32_USB_Device_Library/Core/Src/usbd_ioreq.o
                0x0000000008006e3c                USBD_CtlReceiveStatus
 *fill*         0x0000000008006e62        0x2 
 .text.MX_USB_DEVICE_Init
                0x0000000008006e64       0x60 ./USB_DEVICE/App/usb_device.o
                0x0000000008006e64                MX_USB_DEVICE_Init
 .text.CDC_Init_FS
                0x0000000008006ec4       0x28 ./USB_DEVICE/App/usbd_cdc_if.o
 .text.CDC_DeInit_FS
                0x0000000008006eec        0xe ./USB_DEVICE/App/usbd_cdc_if.o
 *fill*         0x0000000008006efa        0x2 
 .text.CDC_Control_FS
                0x0000000008006efc       0xbc ./USB_DEVICE/App/usbd_cdc_if.o
 .text.CDC_Receive_FS
                0x0000000008006fb8       0x28 ./USB_DEVICE/App/usbd_cdc_if.o
 .text.CDC_Transmit_FS
                0x0000000008006fe0       0x4c ./USB_DEVICE/App/usbd_cdc_if.o
                0x0000000008006fe0                CDC_Transmit_FS
 .text.USBD_FS_DeviceDescriptor
                0x000000000800702c       0x24 ./USB_DEVICE/App/usbd_desc.o
                0x000000000800702c                USBD_FS_DeviceDescriptor
 .text.USBD_FS_LangIDStrDescriptor
                0x0000000008007050       0x24 ./USB_DEVICE/App/usbd_desc.o
                0x0000000008007050                USBD_FS_LangIDStrDescriptor
 .text.USBD_FS_ProductStrDescriptor
                0x0000000008007074       0x3c ./USB_DEVICE/App/usbd_desc.o
                0x0000000008007074                USBD_FS_ProductStrDescriptor
 .text.USBD_FS_ManufacturerStrDescriptor
                0x00000000080070b0       0x28 ./USB_DEVICE/App/usbd_desc.o
                0x00000000080070b0                USBD_FS_ManufacturerStrDescriptor
 .text.USBD_FS_SerialStrDescriptor
                0x00000000080070d8       0x24 ./USB_DEVICE/App/usbd_desc.o
                0x00000000080070d8                USBD_FS_SerialStrDescriptor
 .text.USBD_FS_ConfigStrDescriptor
                0x00000000080070fc       0x3c ./USB_DEVICE/App/usbd_desc.o
                0x00000000080070fc                USBD_FS_ConfigStrDescriptor
 .text.USBD_FS_InterfaceStrDescriptor
                0x0000000008007138       0x3c ./USB_DEVICE/App/usbd_desc.o
                0x0000000008007138                USBD_FS_InterfaceStrDescriptor
 .text.Get_SerialNum
                0x0000000008007174       0x58 ./USB_DEVICE/App/usbd_desc.o
 .text.IntToUnicode
                0x00000000080071cc       0x7c ./USB_DEVICE/App/usbd_desc.o
 .text.HAL_PCD_MspInit
                0x0000000008007248       0x5c ./USB_DEVICE/Target/usbd_conf.o
                0x0000000008007248                HAL_PCD_MspInit
 .text.HAL_PCD_SetupStageCallback
                0x00000000080072a4       0x24 ./USB_DEVICE/Target/usbd_conf.o
                0x00000000080072a4                HAL_PCD_SetupStageCallback
 .text.HAL_PCD_DataOutStageCallback
                0x00000000080072c8       0x36 ./USB_DEVICE/Target/usbd_conf.o
                0x00000000080072c8                HAL_PCD_DataOutStageCallback
 .text.HAL_PCD_DataInStageCallback
                0x00000000080072fe       0x34 ./USB_DEVICE/Target/usbd_conf.o
                0x00000000080072fe                HAL_PCD_DataInStageCallback
 .text.HAL_PCD_SOFCallback
                0x0000000008007332       0x1c ./USB_DEVICE/Target/usbd_conf.o
                0x0000000008007332                HAL_PCD_SOFCallback
 .text.HAL_PCD_ResetCallback
                0x000000000800734e       0x3c ./USB_DEVICE/Target/usbd_conf.o
                0x000000000800734e                HAL_PCD_ResetCallback
 *fill*         0x000000000800738a        0x2 
 .text.HAL_PCD_SuspendCallback
                0x000000000800738c       0x34 ./USB_DEVICE/Target/usbd_conf.o
                0x000000000800738c                HAL_PCD_SuspendCallback
 .text.HAL_PCD_ResumeCallback
                0x00000000080073c0       0x1c ./USB_DEVICE/Target/usbd_conf.o
                0x00000000080073c0                HAL_PCD_ResumeCallback
 .text.USBD_LL_Init
                0x00000000080073dc       0xb4 ./USB_DEVICE/Target/usbd_conf.o
                0x00000000080073dc                USBD_LL_Init
 .text.USBD_LL_Start
                0x0000000008007490       0x36 ./USB_DEVICE/Target/usbd_conf.o
                0x0000000008007490                USBD_LL_Start
 .text.USBD_LL_OpenEP
                0x00000000080074c6       0x4c ./USB_DEVICE/Target/usbd_conf.o
                0x00000000080074c6                USBD_LL_OpenEP
 .text.USBD_LL_CloseEP
                0x0000000008007512       0x3e ./USB_DEVICE/Target/usbd_conf.o
                0x0000000008007512                USBD_LL_CloseEP
 .text.USBD_LL_StallEP
                0x0000000008007550       0x3e ./USB_DEVICE/Target/usbd_conf.o
                0x0000000008007550                USBD_LL_StallEP
 .text.USBD_LL_ClearStallEP
                0x000000000800758e       0x3e ./USB_DEVICE/Target/usbd_conf.o
                0x000000000800758e                USBD_LL_ClearStallEP
 .text.USBD_LL_IsStallEP
                0x00000000080075cc       0x58 ./USB_DEVICE/Target/usbd_conf.o
                0x00000000080075cc                USBD_LL_IsStallEP
 .text.USBD_LL_SetUSBAddress
                0x0000000008007624       0x3e ./USB_DEVICE/Target/usbd_conf.o
                0x0000000008007624                USBD_LL_SetUSBAddress
 .text.USBD_LL_Transmit
                0x0000000008007662       0x46 ./USB_DEVICE/Target/usbd_conf.o
                0x0000000008007662                USBD_LL_Transmit
 .text.USBD_LL_PrepareReceive
                0x00000000080076a8       0x46 ./USB_DEVICE/Target/usbd_conf.o
                0x00000000080076a8                USBD_LL_PrepareReceive
 .text.USBD_LL_GetRxDataSize
                0x00000000080076ee       0x26 ./USB_DEVICE/Target/usbd_conf.o
                0x00000000080076ee                USBD_LL_GetRxDataSize
 .text.USBD_static_malloc
                0x0000000008007714       0x18 ./USB_DEVICE/Target/usbd_conf.o
                0x0000000008007714                USBD_static_malloc
 .text.USBD_static_free
                0x000000000800772c       0x12 ./USB_DEVICE/Target/usbd_conf.o
                0x000000000800772c                USBD_static_free
 .text.HAL_PCDEx_SetConnectionState
                0x000000000800773e       0x16 ./USB_DEVICE/Target/usbd_conf.o
                0x000000000800773e                HAL_PCDEx_SetConnectionState
 .text.USBD_Get_USB_Status
                0x0000000008007754       0x58 ./USB_DEVICE/Target/usbd_conf.o
 .text.memset   0x00000000080077ac       0x10 C:/ST/STM32CubeIDE_1.13.2/STM32CubeIDE/plugins/com.st.stm32cube.ide.mcu.externaltools.gnu-tools-for-stm32.11.3.rel1.win32_1.1.1.202309131626/tools/bin/../lib/gcc/arm-none-eabi/11.3.1/../../../../arm-none-eabi/lib/thumb/v7-m/nofp\libc_nano.a(libc_a-memset.o)
                0x00000000080077ac                memset
 .text.__libc_init_array
                0x00000000080077bc       0x48 C:/ST/STM32CubeIDE_1.13.2/STM32CubeIDE/plugins/com.st.stm32cube.ide.mcu.externaltools.gnu-tools-for-stm32.11.3.rel1.win32_1.1.1.202309131626/tools/bin/../lib/gcc/arm-none-eabi/11.3.1/../../../../arm-none-eabi/lib/thumb/v7-m/nofp\libc_nano.a(libc_a-init.o)
                0x00000000080077bc                __libc_init_array
 *(.glue_7)
 .glue_7        0x0000000008007804        0x0 linker stubs
 *(.glue_7t)
 .glue_7t       0x0000000008007804        0x0 linker stubs
 *(.eh_frame)
 .eh_frame      0x0000000008007804        0x0 C:/ST/STM32CubeIDE_1.13.2/STM32CubeIDE/plugins/com.st.stm32cube.ide.mcu.externaltools.gnu-tools-for-stm32.11.3.rel1.win32_1.1.1.202309131626/tools/bin/../lib/gcc/arm-none-eabi/11.3.1/thumb/v7-m/nofp/crtbegin.o
 *(.init)
 .init          0x0000000008007804        0x4 C:/ST/STM32CubeIDE_1.13.2/STM32CubeIDE/plugins/com.st.stm32cube.ide.mcu.externaltools.gnu-tools-for-stm32.11.3.rel1.win32_1.1.1.202309131626/tools/bin/../lib/gcc/arm-none-eabi/11.3.1/thumb/v7-m/nofp/crti.o
                0x0000000008007804                _init
 .init          0x0000000008007808        0x8 C:/ST/STM32CubeIDE_1.13.2/STM32CubeIDE/plugins/com.st.stm32cube.ide.mcu.externaltools.gnu-tools-for-stm32.11.3.rel1.win32_1.1.1.202309131626/tools/bin/../lib/gcc/arm-none-eabi/11.3.1/thumb/v7-m/nofp/crtn.o
 *(.fini)
 .fini          0x0000000008007810        0x4 C:/ST/STM32CubeIDE_1.13.2/STM32CubeIDE/plugins/com.st.stm32cube.ide.mcu.externaltools.gnu-tools-for-stm32.11.3.rel1.win32_1.1.1.202309131626/tools/bin/../lib/gcc/arm-none-eabi/11.3.1/thumb/v7-m/nofp/crti.o
                0x0000000008007810                _fini
 .fini          0x0000000008007814        0x8 C:/ST/STM32CubeIDE_1.13.2/STM32CubeIDE/plugins/com.st.stm32cube.ide.mcu.externaltools.gnu-tools-for-stm32.11.3.rel1.win32_1.1.1.202309131626/tools/bin/../lib/gcc/arm-none-eabi/11.3.1/thumb/v7-m/nofp/crtn.o
                0x000000000800781c                . = ALIGN (0x4)
                0x000000000800781c                _etext = .

.vfp11_veneer   0x000000000800781c        0x0
 .vfp11_veneer  0x000000000800781c        0x0 linker stubs

.v4_bx          0x000000000800781c        0x0
 .v4_bx         0x000000000800781c        0x0 linker stubs

.iplt           0x000000000800781c        0x0
 .iplt          0x000000000800781c        0x0 C:/ST/STM32CubeIDE_1.13.2/STM32CubeIDE/plugins/com.st.stm32cube.ide.mcu.externaltools.gnu-tools-for-stm32.11.3.rel1.win32_1.1.1.202309131626/tools/bin/../lib/gcc/arm-none-eabi/11.3.1/thumb/v7-m/nofp/crtbegin.o

.rodata         0x000000000800781c       0x6c
                0x000000000800781c                . = ALIGN (0x4)
 *(.rodata)
 .rodata        0x000000000800781c       0x46 ./USB_DEVICE/App/usbd_desc.o
 *(.rodata*)
 *fill*         0x0000000008007862        0x2 
 .rodata.AHBPrescTable
                0x0000000008007864       0x10 ./Core/Src/system_stm32f1xx.o
                0x0000000008007864                AHBPrescTable
 .rodata.aPLLMULFactorTable.1
                0x0000000008007874       0x10 ./Drivers/STM32F1xx_HAL_Driver/Src/stm32f1xx_hal_rcc.o
 .rodata.aPredivFactorTable.0
                0x0000000008007884        0x2 ./Drivers/STM32F1xx_HAL_Driver/Src/stm32f1xx_hal_rcc.o
                0x0000000008007888                . = ALIGN (0x4)
 *fill*         0x0000000008007886        0x2 

.rel.dyn        0x0000000008007888        0x0
 .rel.iplt      0x0000000008007888        0x0 C:/ST/STM32CubeIDE_1.13.2/STM32CubeIDE/plugins/com.st.stm32cube.ide.mcu.externaltools.gnu-tools-for-stm32.11.3.rel1.win32_1.1.1.202309131626/tools/bin/../lib/gcc/arm-none-eabi/11.3.1/thumb/v7-m/nofp/crtbegin.o

.ARM.extab      0x0000000008007888        0x0
                0x0000000008007888                . = ALIGN (0x4)
 *(.ARM.extab* .gnu.linkonce.armextab.*)
                0x0000000008007888                . = ALIGN (0x4)

.ARM            0x0000000008007888        0x0
                0x0000000008007888                . = ALIGN (0x4)
                0x0000000008007888                __exidx_start = .
 *(.ARM.exidx*)
                0x0000000008007888                __exidx_end = .
                0x0000000008007888                . = ALIGN (0x4)

.preinit_array  0x0000000008007888        0x0
                0x0000000008007888                . = ALIGN (0x4)
                0x0000000008007888                PROVIDE (__preinit_array_start = .)
 *(.preinit_array*)
                0x0000000008007888                PROVIDE (__preinit_array_end = .)
                0x0000000008007888                . = ALIGN (0x4)

.init_array     0x0000000008007888        0x4
                0x0000000008007888                . = ALIGN (0x4)
                0x0000000008007888                PROVIDE (__init_array_start = .)
 *(SORT_BY_NAME(.init_array.*))
 *(.init_array*)
 .init_array    0x0000000008007888        0x4 C:/ST/STM32CubeIDE_1.13.2/STM32CubeIDE/plugins/com.st.stm32cube.ide.mcu.externaltools.gnu-tools-for-stm32.11.3.rel1.win32_1.1.1.202309131626/tools/bin/../lib/gcc/arm-none-eabi/11.3.1/thumb/v7-m/nofp/crtbegin.o
                0x000000000800788c                PROVIDE (__init_array_end = .)
                0x000000000800788c                . = ALIGN (0x4)

.fini_array     0x000000000800788c        0x4
                0x000000000800788c                . = ALIGN (0x4)
                [!provide]                        PROVIDE (__fini_array_start = .)
 *(SORT_BY_NAME(.fini_array.*))
 *(.fini_array*)
 .fini_array    0x000000000800788c        0x4 C:/ST/STM32CubeIDE_1.13.2/STM32CubeIDE/plugins/com.st.stm32cube.ide.mcu.externaltools.gnu-tools-for-stm32.11.3.rel1.win32_1.1.1.202309131626/tools/bin/../lib/gcc/arm-none-eabi/11.3.1/thumb/v7-m/nofp/crtbegin.o
                [!provide]                        PROVIDE (__fini_array_end = .)
                0x0000000008007890                . = ALIGN (0x4)
                0x0000000008007890                _sidata = LOADADDR (.data)

.data           0x0000000020000000      0x17c load address 0x0000000008007890
                0x0000000020000000                . = ALIGN (0x4)
                0x0000000020000000                _sdata = .
 *(.data)
 *(.data*)
 .data.SystemCoreClock
                0x0000000020000000        0x4 ./Core/Src/system_stm32f1xx.o
                0x0000000020000000                SystemCoreClock
 .data.uwTickPrio
                0x0000000020000004        0x4 ./Drivers/STM32F1xx_HAL_Driver/Src/stm32f1xx_hal.o
                0x0000000020000004                uwTickPrio
 .data.uwTickFreq
                0x0000000020000008        0x1 ./Drivers/STM32F1xx_HAL_Driver/Src/stm32f1xx_hal.o
                0x0000000020000008                uwTickFreq
 *fill*         0x0000000020000009        0x3 
 .data.USBD_CDC_DeviceQualifierDesc
                0x000000002000000c        0xa ./Middlewares/ST/STM32_USB_Device_Library/Class/CDC/Src/usbd_cdc.o
 *fill*         0x0000000020000016        0x2 
 .data.USBD_CDC
                0x0000000020000018       0x38 ./Middlewares/ST/STM32_USB_Device_Library/Class/CDC/Src/usbd_cdc.o
                0x0000000020000018                USBD_CDC
 .data.USBD_CDC_CfgHSDesc
                0x0000000020000050       0x43 ./Middlewares/ST/STM32_USB_Device_Library/Class/CDC/Src/usbd_cdc.o
                0x0000000020000050                USBD_CDC_CfgHSDesc
 *fill*         0x0000000020000093        0x1 
 .data.USBD_CDC_CfgFSDesc
                0x0000000020000094       0x43 ./Middlewares/ST/STM32_USB_Device_Library/Class/CDC/Src/usbd_cdc.o
                0x0000000020000094                USBD_CDC_CfgFSDesc
 *fill*         0x00000000200000d7        0x1 
 .data.USBD_CDC_OtherSpeedCfgDesc
                0x00000000200000d8       0x43 ./Middlewares/ST/STM32_USB_Device_Library/Class/CDC/Src/usbd_cdc.o
                0x00000000200000d8                USBD_CDC_OtherSpeedCfgDesc
 *fill*         0x000000002000011b        0x1 
 .data.USBD_Interface_fops_FS
                0x000000002000011c       0x10 ./USB_DEVICE/App/usbd_cdc_if.o
                0x000000002000011c                USBD_Interface_fops_FS
 .data.FS_Desc  0x000000002000012c       0x1c ./USB_DEVICE/App/usbd_desc.o
                0x000000002000012c                FS_Desc
 .data.USBD_FS_DeviceDesc
                0x0000000020000148       0x12 ./USB_DEVICE/App/usbd_desc.o
                0x0000000020000148                USBD_FS_DeviceDesc
 *fill*         0x000000002000015a        0x2 
 .data.USBD_LangIDDesc
                0x000000002000015c        0x4 ./USB_DEVICE/App/usbd_desc.o
                0x000000002000015c                USBD_LangIDDesc
 .data.USBD_StringSerial
                0x0000000020000160       0x1a ./USB_DEVICE/App/usbd_desc.o
                0x0000000020000160                USBD_StringSerial
 *(.RamFunc)
 *(.RamFunc*)
                0x000000002000017c                . = ALIGN (0x4)
 *fill*         0x000000002000017a        0x2 
                0x000000002000017c                _edata = .

.igot.plt       0x000000002000017c        0x0 load address 0x0000000008007a0c
 .igot.plt      0x000000002000017c        0x0 C:/ST/STM32CubeIDE_1.13.2/STM32CubeIDE/plugins/com.st.stm32cube.ide.mcu.externaltools.gnu-tools-for-stm32.11.3.rel1.win32_1.1.1.202309131626/tools/bin/../lib/gcc/arm-none-eabi/11.3.1/thumb/v7-m/nofp/crtbegin.o
                0x000000002000017c                . = ALIGN (0x4)

.bss            0x000000002000017c     0x1200 load address 0x0000000008007a0c
                0x000000002000017c                _sbss = .
                0x000000002000017c                __bss_start__ = _sbss
 *(.bss)
 .bss           0x000000002000017c       0x1c C:/ST/STM32CubeIDE_1.13.2/STM32CubeIDE/plugins/com.st.stm32cube.ide.mcu.externaltools.gnu-tools-for-stm32.11.3.rel1.win32_1.1.1.202309131626/tools/bin/../lib/gcc/arm-none-eabi/11.3.1/thumb/v7-m/nofp/crtbegin.o
 *(.bss*)
 .bss.rotPulsesCnt_01
                0x0000000020000198        0x2 ./Core/Src/main.o
                0x0000000020000198                rotPulsesCnt_01
 .bss.rotPulsesCnt_02
                0x000000002000019a        0x2 ./Core/Src/main.o
                0x000000002000019a                rotPulsesCnt_02
 .bss.rotPulsesCnt_03
                0x000000002000019c        0x2 ./Core/Src/main.o
                0x000000002000019c                rotPulsesCnt_03
 *fill*         0x000000002000019e        0x2 
 .bss.uwTick    0x00000000200001a0        0x4 ./Drivers/STM32F1xx_HAL_Driver/Src/stm32f1xx_hal.o
                0x00000000200001a0                uwTick
 .bss.cfgidx.0  0x00000000200001a4        0x1 ./Middlewares/ST/STM32_USB_Device_Library/Core/Src/usbd_ctlreq.o
 *fill*         0x00000000200001a5        0x3 
 .bss.hUsbDeviceFS
                0x00000000200001a8      0x2c4 ./USB_DEVICE/App/usb_device.o
                0x00000000200001a8                hUsbDeviceFS
 .bss.UserRxBufferFS
                0x000000002000046c      0x400 ./USB_DEVICE/App/usbd_cdc_if.o
                0x000000002000046c                UserRxBufferFS
 .bss.UserTxBufferFS
                0x000000002000086c      0x400 ./USB_DEVICE/App/usbd_cdc_if.o
                0x000000002000086c                UserTxBufferFS
 .bss.USBD_StrDesc
                0x0000000020000c6c      0x200 ./USB_DEVICE/App/usbd_desc.o
                0x0000000020000c6c                USBD_StrDesc
 .bss.hpcd_USB_FS
                0x0000000020000e6c      0x2f0 ./USB_DEVICE/Target/usbd_conf.o
                0x0000000020000e6c                hpcd_USB_FS
 .bss.mem.0     0x000000002000115c      0x220 ./USB_DEVICE/Target/usbd_conf.o
 *(COMMON)
                0x000000002000137c                . = ALIGN (0x4)
                0x000000002000137c                _ebss = .
                0x000000002000137c                __bss_end__ = _ebss

._user_heap_stack
                0x000000002000137c      0x604 load address 0x0000000008007a0c
                0x0000000020001380                . = ALIGN (0x8)
 *fill*         0x000000002000137c        0x4 
                [!provide]                        PROVIDE (end = .)
                0x0000000020001380                PROVIDE (_end = .)
                0x0000000020001580                . = (. + _Min_Heap_Size)
 *fill*         0x0000000020001380      0x200 
                0x0000000020001980                . = (. + _Min_Stack_Size)
 *fill*         0x0000000020001580      0x400 
                0x0000000020001980                . = ALIGN (0x8)

/DISCARD/
 libc.a(*)
 libm.a(*)
 libgcc.a(*)

.ARM.attributes
                0x0000000000000000       0x29
 *(.ARM.attributes)
 .ARM.attributes
                0x0000000000000000       0x1d C:/ST/STM32CubeIDE_1.13.2/STM32CubeIDE/plugins/com.st.stm32cube.ide.mcu.externaltools.gnu-tools-for-stm32.11.3.rel1.win32_1.1.1.202309131626/tools/bin/../lib/gcc/arm-none-eabi/11.3.1/thumb/v7-m/nofp/crti.o
 .ARM.attributes
                0x000000000000001d       0x2d C:/ST/STM32CubeIDE_1.13.2/STM32CubeIDE/plugins/com.st.stm32cube.ide.mcu.externaltools.gnu-tools-for-stm32.11.3.rel1.win32_1.1.1.202309131626/tools/bin/../lib/gcc/arm-none-eabi/11.3.1/thumb/v7-m/nofp/crtbegin.o
 .ARM.attributes
                0x000000000000004a       0x2d ./Core/Src/gpio.o
 .ARM.attributes
                0x0000000000000077       0x2d ./Core/Src/main.o
 .ARM.attributes
                0x00000000000000a4       0x2d ./Core/Src/stm32f1xx_hal_msp.o
 .ARM.attributes
                0x00000000000000d1       0x2d ./Core/Src/stm32f1xx_it.o
 .ARM.attributes
                0x00000000000000fe       0x2d ./Core/Src/system_stm32f1xx.o
 .ARM.attributes
                0x000000000000012b       0x21 ./Core/Startup/startup_stm32f103c8tx.o
 .ARM.attributes
                0x000000000000014c       0x2d ./Drivers/STM32F1xx_HAL_Driver/Src/stm32f1xx_hal.o
 .ARM.attributes
                0x0000000000000179       0x2d ./Drivers/STM32F1xx_HAL_Driver/Src/stm32f1xx_hal_cortex.o
 .ARM.attributes
                0x00000000000001a6       0x2d ./Drivers/STM32F1xx_HAL_Driver/Src/stm32f1xx_hal_gpio.o
 .ARM.attributes
                0x00000000000001d3       0x2d ./Drivers/STM32F1xx_HAL_Driver/Src/stm32f1xx_hal_pcd.o
 .ARM.attributes
                0x0000000000000200       0x2d ./Drivers/STM32F1xx_HAL_Driver/Src/stm32f1xx_hal_pcd_ex.o
 .ARM.attributes
                0x000000000000022d       0x2d ./Drivers/STM32F1xx_HAL_Driver/Src/stm32f1xx_hal_rcc.o
 .ARM.attributes
                0x000000000000025a       0x2d ./Drivers/STM32F1xx_HAL_Driver/Src/stm32f1xx_hal_rcc_ex.o
 .ARM.attributes
                0x0000000000000287       0x2d ./Drivers/STM32F1xx_HAL_Driver/Src/stm32f1xx_ll_usb.o
 .ARM.attributes
                0x00000000000002b4       0x2d ./Middlewares/ST/STM32_USB_Device_Library/Class/CDC/Src/usbd_cdc.o
 .ARM.attributes
                0x00000000000002e1       0x2d ./Middlewares/ST/STM32_USB_Device_Library/Core/Src/usbd_core.o
 .ARM.attributes
                0x000000000000030e       0x2d ./Middlewares/ST/STM32_USB_Device_Library/Core/Src/usbd_ctlreq.o
 .ARM.attributes
                0x000000000000033b       0x2d ./Middlewares/ST/STM32_USB_Device_Library/Core/Src/usbd_ioreq.o
 .ARM.attributes
                0x0000000000000368       0x2d ./USB_DEVICE/App/usb_device.o
 .ARM.attributes
                0x0000000000000395       0x2d ./USB_DEVICE/App/usbd_cdc_if.o
 .ARM.attributes
                0x00000000000003c2       0x2d ./USB_DEVICE/App/usbd_desc.o
 .ARM.attributes
                0x00000000000003ef       0x2d ./USB_DEVICE/Target/usbd_conf.o
 .ARM.attributes
                0x000000000000041c       0x2d C:/ST/STM32CubeIDE_1.13.2/STM32CubeIDE/plugins/com.st.stm32cube.ide.mcu.externaltools.gnu-tools-for-stm32.11.3.rel1.win32_1.1.1.202309131626/tools/bin/../lib/gcc/arm-none-eabi/11.3.1/../../../../arm-none-eabi/lib/thumb/v7-m/nofp\libc_nano.a(libc_a-memset.o)
 .ARM.attributes
                0x0000000000000449       0x2d C:/ST/STM32CubeIDE_1.13.2/STM32CubeIDE/plugins/com.st.stm32cube.ide.mcu.externaltools.gnu-tools-for-stm32.11.3.rel1.win32_1.1.1.202309131626/tools/bin/../lib/gcc/arm-none-eabi/11.3.1/../../../../arm-none-eabi/lib/thumb/v7-m/nofp\libc_nano.a(libc_a-init.o)
 .ARM.attributes
                0x0000000000000476       0x1d C:/ST/STM32CubeIDE_1.13.2/STM32CubeIDE/plugins/com.st.stm32cube.ide.mcu.externaltools.gnu-tools-for-stm32.11.3.rel1.win32_1.1.1.202309131626/tools/bin/../lib/gcc/arm-none-eabi/11.3.1/thumb/v7-m/nofp/crtn.o
OUTPUT(Rotation Acquisition.elf elf32-littlearm)
LOAD linker stubs
LOAD C:/ST/STM32CubeIDE_1.13.2/STM32CubeIDE/plugins/com.st.stm32cube.ide.mcu.externaltools.gnu-tools-for-stm32.11.3.rel1.win32_1.1.1.202309131626/tools/bin/../lib/gcc/arm-none-eabi/11.3.1/../../../../arm-none-eabi/lib/thumb/v7-m/nofp\libc.a
LOAD C:/ST/STM32CubeIDE_1.13.2/STM32CubeIDE/plugins/com.st.stm32cube.ide.mcu.externaltools.gnu-tools-for-stm32.11.3.rel1.win32_1.1.1.202309131626/tools/bin/../lib/gcc/arm-none-eabi/11.3.1/../../../../arm-none-eabi/lib/thumb/v7-m/nofp\libm.a
LOAD C:/ST/STM32CubeIDE_1.13.2/STM32CubeIDE/plugins/com.st.stm32cube.ide.mcu.externaltools.gnu-tools-for-stm32.11.3.rel1.win32_1.1.1.202309131626/tools/bin/../lib/gcc/arm-none-eabi/11.3.1/thumb/v7-m/nofp\libgcc.a

.comment        0x0000000000000000       0x43
 .comment       0x0000000000000000       0x43 C:/ST/STM32CubeIDE_1.13.2/STM32CubeIDE/plugins/com.st.stm32cube.ide.mcu.externaltools.gnu-tools-for-stm32.11.3.rel1.win32_1.1.1.202309131626/tools/bin/../lib/gcc/arm-none-eabi/11.3.1/thumb/v7-m/nofp/crtbegin.o
                                         0x44 (size before relaxing)
 .comment       0x0000000000000043       0x44 ./Core/Src/gpio.o
 .comment       0x0000000000000043       0x44 ./Core/Src/main.o
 .comment       0x0000000000000043       0x44 ./Core/Src/stm32f1xx_hal_msp.o
 .comment       0x0000000000000043       0x44 ./Core/Src/stm32f1xx_it.o
 .comment       0x0000000000000043       0x44 ./Core/Src/system_stm32f1xx.o
 .comment       0x0000000000000043       0x44 ./Drivers/STM32F1xx_HAL_Driver/Src/stm32f1xx_hal.o
 .comment       0x0000000000000043       0x44 ./Drivers/STM32F1xx_HAL_Driver/Src/stm32f1xx_hal_cortex.o
 .comment       0x0000000000000043       0x44 ./Drivers/STM32F1xx_HAL_Driver/Src/stm32f1xx_hal_gpio.o
 .comment       0x0000000000000043       0x44 ./Drivers/STM32F1xx_HAL_Driver/Src/stm32f1xx_hal_pcd.o
 .comment       0x0000000000000043       0x44 ./Drivers/STM32F1xx_HAL_Driver/Src/stm32f1xx_hal_pcd_ex.o
 .comment       0x0000000000000043       0x44 ./Drivers/STM32F1xx_HAL_Driver/Src/stm32f1xx_hal_rcc.o
 .comment       0x0000000000000043       0x44 ./Drivers/STM32F1xx_HAL_Driver/Src/stm32f1xx_hal_rcc_ex.o
 .comment       0x0000000000000043       0x44 ./Drivers/STM32F1xx_HAL_Driver/Src/stm32f1xx_ll_usb.o
 .comment       0x0000000000000043       0x44 ./Middlewares/ST/STM32_USB_Device_Library/Class/CDC/Src/usbd_cdc.o
 .comment       0x0000000000000043       0x44 ./Middlewares/ST/STM32_USB_Device_Library/Core/Src/usbd_core.o
 .comment       0x0000000000000043       0x44 ./Middlewares/ST/STM32_USB_Device_Library/Core/Src/usbd_ctlreq.o
 .comment       0x0000000000000043       0x44 ./Middlewares/ST/STM32_USB_Device_Library/Core/Src/usbd_ioreq.o
 .comment       0x0000000000000043       0x44 ./USB_DEVICE/App/usb_device.o
 .comment       0x0000000000000043       0x44 ./USB_DEVICE/App/usbd_cdc_if.o
 .comment       0x0000000000000043       0x44 ./USB_DEVICE/App/usbd_desc.o
 .comment       0x0000000000000043       0x44 ./USB_DEVICE/Target/usbd_conf.o

.debug_info     0x0000000000000000     0xc0a0
 .debug_info    0x0000000000000000      0x44e ./Core/Src/gpio.o
 .debug_info    0x000000000000044e      0x4cf ./Core/Src/main.o
 .debug_info    0x000000000000091d      0x1f1 ./Core/Src/stm32f1xx_hal_msp.o
 .debug_info    0x0000000000000b0e      0x64a ./Core/Src/stm32f1xx_it.o
 .debug_info    0x0000000000001158      0x222 ./Core/Src/system_stm32f1xx.o
 .debug_info    0x000000000000137a       0x23 ./Core/Startup/startup_stm32f103c8tx.o
 .debug_info    0x000000000000139d      0x704 ./Drivers/STM32F1xx_HAL_Driver/Src/stm32f1xx_hal.o
 .debug_info    0x0000000000001aa1      0xa87 ./Drivers/STM32F1xx_HAL_Driver/Src/stm32f1xx_hal_cortex.o
 .debug_info    0x0000000000002528      0x5ab ./Drivers/STM32F1xx_HAL_Driver/Src/stm32f1xx_hal_gpio.o
 .debug_info    0x0000000000002ad3     0x16cf ./Drivers/STM32F1xx_HAL_Driver/Src/stm32f1xx_hal_pcd.o
 .debug_info    0x00000000000041a2      0x6b6 ./Drivers/STM32F1xx_HAL_Driver/Src/stm32f1xx_hal_pcd_ex.o
 .debug_info    0x0000000000004858      0x7d5 ./Drivers/STM32F1xx_HAL_Driver/Src/stm32f1xx_hal_rcc.o
 .debug_info    0x000000000000502d      0x3c0 ./Drivers/STM32F1xx_HAL_Driver/Src/stm32f1xx_hal_rcc_ex.o
 .debug_info    0x00000000000053ed     0x17a2 ./Drivers/STM32F1xx_HAL_Driver/Src/stm32f1xx_ll_usb.o
 .debug_info    0x0000000000006b8f     0x1036 ./Middlewares/ST/STM32_USB_Device_Library/Class/CDC/Src/usbd_cdc.o
 .debug_info    0x0000000000007bc5      0xa52 ./Middlewares/ST/STM32_USB_Device_Library/Core/Src/usbd_core.o
 .debug_info    0x0000000000008617      0x91c ./Middlewares/ST/STM32_USB_Device_Library/Core/Src/usbd_ctlreq.o
 .debug_info    0x0000000000008f33      0x6a0 ./Middlewares/ST/STM32_USB_Device_Library/Core/Src/usbd_ioreq.o
 .debug_info    0x00000000000095d3      0x63d ./USB_DEVICE/App/usb_device.o
 .debug_info    0x0000000000009c10      0x7ec ./USB_DEVICE/App/usbd_cdc_if.o
 .debug_info    0x000000000000a3fc      0x44a ./USB_DEVICE/App/usbd_desc.o
 .debug_info    0x000000000000a846     0x185a ./USB_DEVICE/Target/usbd_conf.o

.debug_abbrev   0x0000000000000000     0x2abf
 .debug_abbrev  0x0000000000000000      0x161 ./Core/Src/gpio.o
 .debug_abbrev  0x0000000000000161      0x21e ./Core/Src/main.o
 .debug_abbrev  0x000000000000037f       0xdb ./Core/Src/stm32f1xx_hal_msp.o
 .debug_abbrev  0x000000000000045a      0x1c0 ./Core/Src/stm32f1xx_it.o
 .debug_abbrev  0x000000000000061a      0x13f ./Core/Src/system_stm32f1xx.o
 .debug_abbrev  0x0000000000000759       0x12 ./Core/Startup/startup_stm32f103c8tx.o
 .debug_abbrev  0x000000000000076b      0x201 ./Drivers/STM32F1xx_HAL_Driver/Src/stm32f1xx_hal.o
 .debug_abbrev  0x000000000000096c      0x2f8 ./Drivers/STM32F1xx_HAL_Driver/Src/stm32f1xx_hal_cortex.o
 .debug_abbrev  0x0000000000000c64      0x1ca ./Drivers/STM32F1xx_HAL_Driver/Src/stm32f1xx_hal_gpio.o
 .debug_abbrev  0x0000000000000e2e      0x2d6 ./Drivers/STM32F1xx_HAL_Driver/Src/stm32f1xx_hal_pcd.o
 .debug_abbrev  0x0000000000001104      0x189 ./Drivers/STM32F1xx_HAL_Driver/Src/stm32f1xx_hal_pcd_ex.o
 .debug_abbrev  0x000000000000128d      0x2b3 ./Drivers/STM32F1xx_HAL_Driver/Src/stm32f1xx_hal_rcc.o
 .debug_abbrev  0x0000000000001540      0x188 ./Drivers/STM32F1xx_HAL_Driver/Src/stm32f1xx_hal_rcc_ex.o
 .debug_abbrev  0x00000000000016c8      0x1de ./Drivers/STM32F1xx_HAL_Driver/Src/stm32f1xx_ll_usb.o
 .debug_abbrev  0x00000000000018a6      0x2d3 ./Middlewares/ST/STM32_USB_Device_Library/Class/CDC/Src/usbd_cdc.o
 .debug_abbrev  0x0000000000001b79      0x24a ./Middlewares/ST/STM32_USB_Device_Library/Core/Src/usbd_core.o
 .debug_abbrev  0x0000000000001dc3      0x26b ./Middlewares/ST/STM32_USB_Device_Library/Core/Src/usbd_ctlreq.o
 .debug_abbrev  0x000000000000202e      0x192 ./Middlewares/ST/STM32_USB_Device_Library/Core/Src/usbd_ioreq.o
 .debug_abbrev  0x00000000000021c0      0x18d ./USB_DEVICE/App/usb_device.o
 .debug_abbrev  0x000000000000234d      0x25d ./USB_DEVICE/App/usbd_cdc_if.o
 .debug_abbrev  0x00000000000025aa      0x1ff ./USB_DEVICE/App/usbd_desc.o
 .debug_abbrev  0x00000000000027a9      0x316 ./USB_DEVICE/Target/usbd_conf.o

.debug_aranges  0x0000000000000000      0xab0
 .debug_aranges
                0x0000000000000000       0x20 ./Core/Src/gpio.o
 .debug_aranges
                0x0000000000000020       0x38 ./Core/Src/main.o
 .debug_aranges
                0x0000000000000058       0x20 ./Core/Src/stm32f1xx_hal_msp.o
 .debug_aranges
                0x0000000000000078       0x88 ./Core/Src/stm32f1xx_it.o
 .debug_aranges
                0x0000000000000100       0x28 ./Core/Src/system_stm32f1xx.o
 .debug_aranges
                0x0000000000000128       0x28 ./Core/Startup/startup_stm32f103c8tx.o
 .debug_aranges
                0x0000000000000150       0xe0 ./Drivers/STM32F1xx_HAL_Driver/Src/stm32f1xx_hal.o
 .debug_aranges
                0x0000000000000230      0x100 ./Drivers/STM32F1xx_HAL_Driver/Src/stm32f1xx_hal_cortex.o
 .debug_aranges
                0x0000000000000330       0x58 ./Drivers/STM32F1xx_HAL_Driver/Src/stm32f1xx_hal_gpio.o
 .debug_aranges
                0x0000000000000388      0x140 ./Drivers/STM32F1xx_HAL_Driver/Src/stm32f1xx_hal_pcd.o
 .debug_aranges
                0x00000000000004c8       0x38 ./Drivers/STM32F1xx_HAL_Driver/Src/stm32f1xx_hal_pcd_ex.o
 .debug_aranges
                0x0000000000000500       0x90 ./Drivers/STM32F1xx_HAL_Driver/Src/stm32f1xx_hal_rcc.o
 .debug_aranges
                0x0000000000000590       0x30 ./Drivers/STM32F1xx_HAL_Driver/Src/stm32f1xx_hal_rcc_ex.o
 .debug_aranges
                0x00000000000005c0       0xf8 ./Drivers/STM32F1xx_HAL_Driver/Src/stm32f1xx_ll_usb.o
 .debug_aranges
                0x00000000000006b8       0x90 ./Middlewares/ST/STM32_USB_Device_Library/Class/CDC/Src/usbd_cdc.o
 .debug_aranges
                0x0000000000000748       0xb8 ./Middlewares/ST/STM32_USB_Device_Library/Core/Src/usbd_core.o
 .debug_aranges
                0x0000000000000800       0x88 ./Middlewares/ST/STM32_USB_Device_Library/Core/Src/usbd_ctlreq.o
 .debug_aranges
                0x0000000000000888       0x50 ./Middlewares/ST/STM32_USB_Device_Library/Core/Src/usbd_ioreq.o
 .debug_aranges
                0x00000000000008d8       0x20 ./USB_DEVICE/App/usb_device.o
 .debug_aranges
                0x00000000000008f8       0x40 ./USB_DEVICE/App/usbd_cdc_if.o
 .debug_aranges
                0x0000000000000938       0x60 ./USB_DEVICE/App/usbd_desc.o
 .debug_aranges
                0x0000000000000998      0x118 ./USB_DEVICE/Target/usbd_conf.o

.debug_rnglists
                0x0000000000000000      0x7c5
 .debug_rnglists
                0x0000000000000000       0x14 ./Core/Src/gpio.o
 .debug_rnglists
                0x0000000000000014       0x27 ./Core/Src/main.o
 .debug_rnglists
                0x000000000000003b       0x13 ./Core/Src/stm32f1xx_hal_msp.o
 .debug_rnglists
                0x000000000000004e       0x61 ./Core/Src/stm32f1xx_it.o
 .debug_rnglists
                0x00000000000000af       0x1a ./Core/Src/system_stm32f1xx.o
 .debug_rnglists
                0x00000000000000c9       0x19 ./Core/Startup/startup_stm32f103c8tx.o
 .debug_rnglists
                0x00000000000000e2       0xa3 ./Drivers/STM32F1xx_HAL_Driver/Src/stm32f1xx_hal.o
 .debug_rnglists
                0x0000000000000185       0xbb ./Drivers/STM32F1xx_HAL_Driver/Src/stm32f1xx_hal_cortex.o
 .debug_rnglists
                0x0000000000000240       0x3f ./Drivers/STM32F1xx_HAL_Driver/Src/stm32f1xx_hal_gpio.o
 .debug_rnglists
                0x000000000000027f       0xf4 ./Drivers/STM32F1xx_HAL_Driver/Src/stm32f1xx_hal_pcd.o
 .debug_rnglists
                0x0000000000000373       0x26 ./Drivers/STM32F1xx_HAL_Driver/Src/stm32f1xx_hal_pcd_ex.o
 .debug_rnglists
                0x0000000000000399       0x6c ./Drivers/STM32F1xx_HAL_Driver/Src/stm32f1xx_hal_rcc.o
 .debug_rnglists
                0x0000000000000405       0x21 ./Drivers/STM32F1xx_HAL_Driver/Src/stm32f1xx_hal_rcc_ex.o
 .debug_rnglists
                0x0000000000000426       0xbd ./Drivers/STM32F1xx_HAL_Driver/Src/stm32f1xx_ll_usb.o
 .debug_rnglists
                0x00000000000004e3       0x6a ./Middlewares/ST/STM32_USB_Device_Library/Class/CDC/Src/usbd_cdc.o
 .debug_rnglists
                0x000000000000054d       0x89 ./Middlewares/ST/STM32_USB_Device_Library/Core/Src/usbd_core.o
 .debug_rnglists
                0x00000000000005d6       0x68 ./Middlewares/ST/STM32_USB_Device_Library/Core/Src/usbd_ctlreq.o
 .debug_rnglists
                0x000000000000063e       0x37 ./Middlewares/ST/STM32_USB_Device_Library/Core/Src/usbd_ioreq.o
 .debug_rnglists
                0x0000000000000675       0x13 ./USB_DEVICE/App/usb_device.o
 .debug_rnglists
                0x0000000000000688       0x2c ./USB_DEVICE/App/usbd_cdc_if.o
 .debug_rnglists
                0x00000000000006b4       0x43 ./USB_DEVICE/App/usbd_desc.o
 .debug_rnglists
                0x00000000000006f7       0xce ./USB_DEVICE/Target/usbd_conf.o

.debug_macro    0x0000000000000000    0x192c2
 .debug_macro   0x0000000000000000      0x1c1 ./Core/Src/gpio.o
 .debug_macro   0x00000000000001c1      0xa9c ./Core/Src/gpio.o
 .debug_macro   0x0000000000000c5d      0x215 ./Core/Src/gpio.o
 .debug_macro   0x0000000000000e72       0x2e ./Core/Src/gpio.o
 .debug_macro   0x0000000000000ea0       0x22 ./Core/Src/gpio.o
 .debug_macro   0x0000000000000ec2       0x22 ./Core/Src/gpio.o
 .debug_macro   0x0000000000000ee4       0x8e ./Core/Src/gpio.o
 .debug_macro   0x0000000000000f72       0x51 ./Core/Src/gpio.o
 .debug_macro   0x0000000000000fc3      0x103 ./Core/Src/gpio.o
 .debug_macro   0x00000000000010c6       0x6a ./Core/Src/gpio.o
 .debug_macro   0x0000000000001130      0x1df ./Core/Src/gpio.o
 .debug_macro   0x000000000000130f       0x1c ./Core/Src/gpio.o
 .debug_macro   0x000000000000132b       0x22 ./Core/Src/gpio.o
 .debug_macro   0x000000000000134d       0xbd ./Core/Src/gpio.o
 .debug_macro   0x000000000000140a      0xd23 ./Core/Src/gpio.o
 .debug_macro   0x000000000000212d     0xe09e ./Core/Src/gpio.o
 .debug_macro   0x00000000000101cb       0x6d ./Core/Src/gpio.o
 .debug_macro   0x0000000000010238     0x348d ./Core/Src/gpio.o
 .debug_macro   0x00000000000136c5      0x174 ./Core/Src/gpio.o
 .debug_macro   0x0000000000013839       0x5c ./Core/Src/gpio.o
 .debug_macro   0x0000000000013895      0x5bc ./Core/Src/gpio.o
 .debug_macro   0x0000000000013e51      0x289 ./Core/Src/gpio.o
 .debug_macro   0x00000000000140da      0x1cb ./Core/Src/gpio.o
 .debug_macro   0x00000000000142a5      0x114 ./Core/Src/gpio.o
 .debug_macro   0x00000000000143b9      0x1b2 ./Core/Src/gpio.o
 .debug_macro   0x000000000001456b       0x27 ./Core/Src/gpio.o
 .debug_macro   0x0000000000014592      0x136 ./Core/Src/gpio.o
 .debug_macro   0x00000000000146c8      0x1bc ./Core/Src/gpio.o
 .debug_macro   0x0000000000014884       0x34 ./Core/Src/gpio.o
 .debug_macro   0x00000000000148b8       0x3c ./Core/Src/gpio.o
 .debug_macro   0x00000000000148f4       0x57 ./Core/Src/gpio.o
 .debug_macro   0x000000000001494b       0x87 ./Core/Src/gpio.o
 .debug_macro   0x00000000000149d2      0x240 ./Core/Src/gpio.o
 .debug_macro   0x0000000000014c12      0x140 ./Core/Src/gpio.o
 .debug_macro   0x0000000000014d52       0xab ./Core/Src/gpio.o
 .debug_macro   0x0000000000014dfd      0x242 ./Core/Src/gpio.o
 .debug_macro   0x000000000001503f       0x83 ./Core/Src/gpio.o
 .debug_macro   0x00000000000150c2       0x46 ./Core/Src/gpio.o
 .debug_macro   0x0000000000015108      0x373 ./Core/Src/main.o
 .debug_macro   0x000000000001547b       0x61 ./Core/Src/main.o
 .debug_macro   0x00000000000154dc       0x24 ./Core/Src/main.o
 .debug_macro   0x0000000000015500       0x43 ./Core/Src/main.o
 .debug_macro   0x0000000000015543       0x34 ./Core/Src/main.o
 .debug_macro   0x0000000000015577       0x16 ./Core/Src/main.o
 .debug_macro   0x000000000001558d       0x35 ./Core/Src/main.o
 .debug_macro   0x00000000000155c2      0x369 ./Core/Src/main.o
 .debug_macro   0x000000000001592b       0x10 ./Core/Src/main.o
 .debug_macro   0x000000000001593b       0x16 ./Core/Src/main.o
 .debug_macro   0x0000000000015951       0x43 ./Core/Src/main.o
 .debug_macro   0x0000000000015994       0x34 ./Core/Src/main.o
 .debug_macro   0x00000000000159c8       0x10 ./Core/Src/main.o
 .debug_macro   0x00000000000159d8       0x58 ./Core/Src/main.o
 .debug_macro   0x0000000000015a30       0x8e ./Core/Src/main.o
 .debug_macro   0x0000000000015abe       0x1c ./Core/Src/main.o
 .debug_macro   0x0000000000015ada      0x177 ./Core/Src/main.o
 .debug_macro   0x0000000000015c51       0x16 ./Core/Src/main.o
 .debug_macro   0x0000000000015c67       0x16 ./Core/Src/main.o
 .debug_macro   0x0000000000015c7d      0x147 ./Core/Src/main.o
 .debug_macro   0x0000000000015dc4       0x16 ./Core/Src/main.o
 .debug_macro   0x0000000000015dda       0x16 ./Core/Src/main.o
 .debug_macro   0x0000000000015df0       0x29 ./Core/Src/main.o
 .debug_macro   0x0000000000015e19       0x16 ./Core/Src/main.o
 .debug_macro   0x0000000000015e2f       0x20 ./Core/Src/main.o
 .debug_macro   0x0000000000015e4f       0x5f ./Core/Src/main.o
 .debug_macro   0x0000000000015eae      0x1c8 ./Core/Src/main.o
 .debug_macro   0x0000000000016076       0x8f ./Core/Src/main.o
 .debug_macro   0x0000000000016105       0x10 ./Core/Src/main.o
 .debug_macro   0x0000000000016115      0x1b7 ./Core/Src/stm32f1xx_hal_msp.o
 .debug_macro   0x00000000000162cc      0x1c1 ./Core/Src/stm32f1xx_it.o
 .debug_macro   0x000000000001648d      0x1a8 ./Core/Src/system_stm32f1xx.o
 .debug_macro   0x0000000000016635      0x1cc ./Drivers/STM32F1xx_HAL_Driver/Src/stm32f1xx_hal.o
 .debug_macro   0x0000000000016801      0x1a8 ./Drivers/STM32F1xx_HAL_Driver/Src/stm32f1xx_hal_cortex.o
 .debug_macro   0x00000000000169a9      0x213 ./Drivers/STM32F1xx_HAL_Driver/Src/stm32f1xx_hal_gpio.o
 .debug_macro   0x0000000000016bbc      0x1b4 ./Drivers/STM32F1xx_HAL_Driver/Src/stm32f1xx_hal_pcd.o
 .debug_macro   0x0000000000016d70      0x1a8 ./Drivers/STM32F1xx_HAL_Driver/Src/stm32f1xx_hal_pcd_ex.o
 .debug_macro   0x0000000000016f18      0x1ba ./Drivers/STM32F1xx_HAL_Driver/Src/stm32f1xx_hal_rcc.o
 .debug_macro   0x00000000000170d2      0x1a8 ./Drivers/STM32F1xx_HAL_Driver/Src/stm32f1xx_hal_rcc_ex.o
 .debug_macro   0x000000000001727a      0x1a8 ./Drivers/STM32F1xx_HAL_Driver/Src/stm32f1xx_ll_usb.o
 .debug_macro   0x0000000000017422      0x346 ./Middlewares/ST/STM32_USB_Device_Library/Class/CDC/Src/usbd_cdc.o
 .debug_macro   0x0000000000017768       0x97 ./Middlewares/ST/STM32_USB_Device_Library/Class/CDC/Src/usbd_cdc.o
 .debug_macro   0x00000000000177ff       0xfd ./Middlewares/ST/STM32_USB_Device_Library/Class/CDC/Src/usbd_cdc.o
 .debug_macro   0x00000000000178fc       0x56 ./Middlewares/ST/STM32_USB_Device_Library/Class/CDC/Src/usbd_cdc.o
 .debug_macro   0x0000000000017952      0x32d ./Middlewares/ST/STM32_USB_Device_Library/Core/Src/usbd_core.o
 .debug_macro   0x0000000000017c7f      0x1ce ./Middlewares/ST/STM32_USB_Device_Library/Core/Src/usbd_core.o
 .debug_macro   0x0000000000017e4d      0x337 ./Middlewares/ST/STM32_USB_Device_Library/Core/Src/usbd_ctlreq.o
 .debug_macro   0x0000000000018184      0x333 ./Middlewares/ST/STM32_USB_Device_Library/Core/Src/usbd_ioreq.o
 .debug_macro   0x00000000000184b7      0x366 ./USB_DEVICE/App/usb_device.o
 .debug_macro   0x000000000001881d       0x4c ./USB_DEVICE/App/usb_device.o
 .debug_macro   0x0000000000018869       0x22 ./USB_DEVICE/App/usb_device.o
 .debug_macro   0x000000000001888b       0x16 ./USB_DEVICE/App/usb_device.o
 .debug_macro   0x00000000000188a1      0x351 ./USB_DEVICE/App/usbd_cdc_if.o
 .debug_macro   0x0000000000018bf2      0x36a ./USB_DEVICE/App/usbd_desc.o
 .debug_macro   0x0000000000018f5c       0x1c ./USB_DEVICE/App/usbd_desc.o
 .debug_macro   0x0000000000018f78      0x34a ./USB_DEVICE/Target/usbd_conf.o

.debug_line     0x0000000000000000     0xeb17
 .debug_line    0x0000000000000000      0x735 ./Core/Src/gpio.o
 .debug_line    0x0000000000000735      0xaa9 ./Core/Src/main.o
 .debug_line    0x00000000000011de      0x6fc ./Core/Src/stm32f1xx_hal_msp.o
 .debug_line    0x00000000000018da      0x835 ./Core/Src/stm32f1xx_it.o
 .debug_line    0x000000000000210f      0x779 ./Core/Src/system_stm32f1xx.o
 .debug_line    0x0000000000002888       0x78 ./Core/Startup/startup_stm32f103c8tx.o
 .debug_line    0x0000000000002900      0x9a6 ./Drivers/STM32F1xx_HAL_Driver/Src/stm32f1xx_hal.o
 .debug_line    0x00000000000032a6      0xb8e ./Drivers/STM32F1xx_HAL_Driver/Src/stm32f1xx_hal_cortex.o
 .debug_line    0x0000000000003e34      0xa3f ./Drivers/STM32F1xx_HAL_Driver/Src/stm32f1xx_hal_gpio.o
 .debug_line    0x0000000000004873     0x13d4 ./Drivers/STM32F1xx_HAL_Driver/Src/stm32f1xx_hal_pcd.o
 .debug_line    0x0000000000005c47      0x774 ./Drivers/STM32F1xx_HAL_Driver/Src/stm32f1xx_hal_pcd_ex.o
 .debug_line    0x00000000000063bb      0xdaf ./Drivers/STM32F1xx_HAL_Driver/Src/stm32f1xx_hal_rcc.o
 .debug_line    0x000000000000716a      0x8ea ./Drivers/STM32F1xx_HAL_Driver/Src/stm32f1xx_hal_rcc_ex.o
 .debug_line    0x0000000000007a54     0x105b ./Drivers/STM32F1xx_HAL_Driver/Src/stm32f1xx_ll_usb.o
 .debug_line    0x0000000000008aaf      0xcfc ./Middlewares/ST/STM32_USB_Device_Library/Class/CDC/Src/usbd_cdc.o
 .debug_line    0x00000000000097ab      0xd78 ./Middlewares/ST/STM32_USB_Device_Library/Core/Src/usbd_core.o
 .debug_line    0x000000000000a523      0xfb5 ./Middlewares/ST/STM32_USB_Device_Library/Core/Src/usbd_ctlreq.o
 .debug_line    0x000000000000b4d8      0xa0e ./Middlewares/ST/STM32_USB_Device_Library/Core/Src/usbd_ioreq.o
 .debug_line    0x000000000000bee6      0x9ce ./USB_DEVICE/App/usb_device.o
 .debug_line    0x000000000000c8b4      0xa16 ./USB_DEVICE/App/usbd_cdc_if.o
 .debug_line    0x000000000000d2ca      0xa97 ./USB_DEVICE/App/usbd_desc.o
 .debug_line    0x000000000000dd61      0xdb6 ./USB_DEVICE/Target/usbd_conf.o

.debug_str      0x0000000000000000    0x84647
 .debug_str     0x0000000000000000    0x7d695 ./Core/Src/gpio.o
                                      0x7da6a (size before relaxing)
 .debug_str     0x000000000007d695     0x4848 ./Core/Src/main.o
                                      0x81f37 (size before relaxing)
 .debug_str     0x0000000000081edd       0x5a ./Core/Src/stm32f1xx_hal_msp.o
                                      0x7d6eb (size before relaxing)
 .debug_str     0x0000000000081f37      0x454 ./Core/Src/stm32f1xx_it.o
                                      0x7db25 (size before relaxing)
 .debug_str     0x000000000008238b       0x7e ./Core/Src/system_stm32f1xx.o
                                      0x7d61c (size before relaxing)
 .debug_str     0x0000000000082409       0x34 ./Core/Startup/startup_stm32f103c8tx.o
                                         0x6a (size before relaxing)
 .debug_str     0x000000000008243d      0x378 ./Drivers/STM32F1xx_HAL_Driver/Src/stm32f1xx_hal.o
                                      0x7dd4f (size before relaxing)
 .debug_str     0x00000000000827b5      0x280 ./Drivers/STM32F1xx_HAL_Driver/Src/stm32f1xx_hal_cortex.o
                                      0x7dc9b (size before relaxing)
 .debug_str     0x0000000000082a35      0x2aa ./Drivers/STM32F1xx_HAL_Driver/Src/stm32f1xx_hal_gpio.o
                                      0x7d9a2 (size before relaxing)
 .debug_str     0x0000000000082cdf      0x5bd ./Drivers/STM32F1xx_HAL_Driver/Src/stm32f1xx_hal_pcd.o
                                      0x7df2e (size before relaxing)
 .debug_str     0x000000000008329c      0x170 ./Drivers/STM32F1xx_HAL_Driver/Src/stm32f1xx_hal_pcd_ex.o
                                      0x7da90 (size before relaxing)
 .debug_str     0x000000000008340c      0x229 ./Drivers/STM32F1xx_HAL_Driver/Src/stm32f1xx_hal_rcc.o
                                      0x7da4b (size before relaxing)
 .debug_str     0x0000000000083635       0x9f ./Drivers/STM32F1xx_HAL_Driver/Src/stm32f1xx_hal_rcc_ex.o
                                      0x7d79b (size before relaxing)
 .debug_str     0x00000000000836d4      0x129 ./Drivers/STM32F1xx_HAL_Driver/Src/stm32f1xx_ll_usb.o
                                      0x7dae2 (size before relaxing)
 .debug_str     0x00000000000837fd      0x645 ./Middlewares/ST/STM32_USB_Device_Library/Class/CDC/Src/usbd_cdc.o
                                      0x8260a (size before relaxing)
 .debug_str     0x0000000000083e42      0x281 ./Middlewares/ST/STM32_USB_Device_Library/Core/Src/usbd_core.o
                                      0x81f45 (size before relaxing)
 .debug_str     0x00000000000840c3      0x120 ./Middlewares/ST/STM32_USB_Device_Library/Core/Src/usbd_ctlreq.o
                                      0x81e5f (size before relaxing)
 .debug_str     0x00000000000841e3       0x51 ./Middlewares/ST/STM32_USB_Device_Library/Core/Src/usbd_ioreq.o
                                      0x81d8c (size before relaxing)
 .debug_str     0x0000000000084234       0xc6 ./USB_DEVICE/App/usb_device.o
                                      0x82117 (size before relaxing)
 .debug_str     0x00000000000842fa       0x7d ./USB_DEVICE/App/usbd_cdc_if.o
                                      0x8213d (size before relaxing)
 .debug_str     0x0000000000084377      0x258 ./USB_DEVICE/App/usbd_desc.o
                                      0x81cc8 (size before relaxing)
 .debug_str     0x00000000000845cf       0x78 ./USB_DEVICE/Target/usbd_conf.o
                                      0x82b97 (size before relaxing)

.debug_frame    0x0000000000000000     0x288c
 .debug_frame   0x0000000000000000       0x34 ./Core/Src/gpio.o
 .debug_frame   0x0000000000000034       0x90 ./Core/Src/main.o
 .debug_frame   0x00000000000000c4       0x38 ./Core/Src/stm32f1xx_hal_msp.o
 .debug_frame   0x00000000000000fc      0x190 ./Core/Src/stm32f1xx_it.o
 .debug_frame   0x000000000000028c       0x58 ./Core/Src/system_stm32f1xx.o
 .debug_frame   0x00000000000002e4      0x334 ./Drivers/STM32F1xx_HAL_Driver/Src/stm32f1xx_hal.o
 .debug_frame   0x0000000000000618      0x428 ./Drivers/STM32F1xx_HAL_Driver/Src/stm32f1xx_hal_cortex.o
 .debug_frame   0x0000000000000a40      0x14c ./Drivers/STM32F1xx_HAL_Driver/Src/stm32f1xx_hal_gpio.o
 .debug_frame   0x0000000000000b8c      0x59c ./Drivers/STM32F1xx_HAL_Driver/Src/stm32f1xx_hal_pcd.o
 .debug_frame   0x0000000000001128       0xb0 ./Drivers/STM32F1xx_HAL_Driver/Src/stm32f1xx_hal_pcd_ex.o
 .debug_frame   0x00000000000011d8      0x218 ./Drivers/STM32F1xx_HAL_Driver/Src/stm32f1xx_hal_rcc.o
 .debug_frame   0x00000000000013f0       0x80 ./Drivers/STM32F1xx_HAL_Driver/Src/stm32f1xx_hal_rcc_ex.o
 .debug_frame   0x0000000000001470      0x478 ./Drivers/STM32F1xx_HAL_Driver/Src/stm32f1xx_ll_usb.o
 .debug_frame   0x00000000000018e8      0x248 ./Middlewares/ST/STM32_USB_Device_Library/Class/CDC/Src/usbd_cdc.o
 .debug_frame   0x0000000000001b30      0x300 ./Middlewares/ST/STM32_USB_Device_Library/Core/Src/usbd_core.o
 .debug_frame   0x0000000000001e30      0x218 ./Middlewares/ST/STM32_USB_Device_Library/Core/Src/usbd_ctlreq.o
 .debug_frame   0x0000000000002048      0x10c ./Middlewares/ST/STM32_USB_Device_Library/Core/Src/usbd_ioreq.o
 .debug_frame   0x0000000000002154       0x2c ./USB_DEVICE/App/usb_device.o
 .debug_frame   0x0000000000002180       0xbc ./USB_DEVICE/App/usbd_cdc_if.o
 .debug_frame   0x000000000000223c      0x160 ./USB_DEVICE/App/usbd_desc.o
 .debug_frame   0x000000000000239c      0x4a4 ./USB_DEVICE/Target/usbd_conf.o
 .debug_frame   0x0000000000002840       0x20 C:/ST/STM32CubeIDE_1.13.2/STM32CubeIDE/plugins/com.st.stm32cube.ide.mcu.externaltools.gnu-tools-for-stm32.11.3.rel1.win32_1.1.1.202309131626/tools/bin/../lib/gcc/arm-none-eabi/11.3.1/../../../../arm-none-eabi/lib/thumb/v7-m/nofp\libc_nano.a(libc_a-memset.o)
 .debug_frame   0x0000000000002860       0x2c C:/ST/STM32CubeIDE_1.13.2/STM32CubeIDE/plugins/com.st.stm32cube.ide.mcu.externaltools.gnu-tools-for-stm32.11.3.rel1.win32_1.1.1.202309131626/tools/bin/../lib/gcc/arm-none-eabi/11.3.1/../../../../arm-none-eabi/lib/thumb/v7-m/nofp\libc_nano.a(libc_a-init.o)

.debug_line_str
                0x0000000000000000       0x5e
 .debug_line_str
                0x0000000000000000       0x5e ./Core/Startup/startup_stm32f103c8tx.o
                                         0x76 (size before relaxing)
